Component: ARM Compiler 5.06 update 3 (build 300) Tool: armlink [4d35c9]

==============================================================================

Section Cross References

    stm32l0xx_hal_msp.o(i.HAL_ADC_MspDeInit) refers to stm32l0xx_hal_gpio.o(i.HAL_GPIO_DeInit) for HAL_GPIO_DeInit
    stm32l0xx_hal_msp.o(i.HAL_ADC_MspDeInit) refers to stm32l0xx_hal_cortex.o(i.HAL_NVIC_DisableIRQ) for HAL_NVIC_DisableIRQ
    stm32l0xx_hal_msp.o(i.HAL_ADC_MspInit) refers to stm32l0xx_hal_gpio.o(i.HAL_GPIO_Init) for HAL_GPIO_Init
    stm32l0xx_hal_msp.o(i.HAL_ADC_MspInit) refers to stm32l0xx_hal_cortex.o(i.HAL_NVIC_SetPriority) for HAL_NVIC_SetPriority
    stm32l0xx_hal_msp.o(i.HAL_ADC_MspInit) refers to stm32l0xx_hal_cortex.o(i.HAL_NVIC_EnableIRQ) for HAL_NVIC_EnableIRQ
    stm32l0xx_hal_msp.o(i.HAL_MspInit) refers to stm32l0xx_hal_cortex.o(i.HAL_NVIC_SetPriority) for HAL_NVIC_SetPriority
    stm32l0xx_hal_msp.o(i.HAL_TIM_Base_MspDeInit) refers to stm32l0xx_hal_cortex.o(i.HAL_NVIC_DisableIRQ) for HAL_NVIC_DisableIRQ
    stm32l0xx_hal_msp.o(i.HAL_TIM_Base_MspInit) refers to stm32l0xx_hal_cortex.o(i.HAL_NVIC_SetPriority) for HAL_NVIC_SetPriority
    stm32l0xx_hal_msp.o(i.HAL_TIM_Base_MspInit) refers to stm32l0xx_hal_cortex.o(i.HAL_NVIC_EnableIRQ) for HAL_NVIC_EnableIRQ
    stm32l0xx_hal_msp.o(i.HAL_TIM_MspPostInit) refers to stm32l0xx_hal_gpio.o(i.HAL_GPIO_Init) for HAL_GPIO_Init
    stm32l0xx_hal_msp.o(i.HAL_UART_MspDeInit) refers to stm32l0xx_hal_gpio.o(i.HAL_GPIO_DeInit) for HAL_GPIO_DeInit
    stm32l0xx_hal_msp.o(i.HAL_UART_MspDeInit) refers to stm32l0xx_hal_dma.o(i.HAL_DMA_DeInit) for HAL_DMA_DeInit
    stm32l0xx_hal_msp.o(i.HAL_UART_MspDeInit) refers to stm32l0xx_hal_cortex.o(i.HAL_NVIC_DisableIRQ) for HAL_NVIC_DisableIRQ
    stm32l0xx_hal_msp.o(i.HAL_UART_MspInit) refers to stm32l0xx_hal_gpio.o(i.HAL_GPIO_Init) for HAL_GPIO_Init
    stm32l0xx_hal_msp.o(i.HAL_UART_MspInit) refers to stm32l0xx_hal_dma.o(i.HAL_DMA_Init) for HAL_DMA_Init
    stm32l0xx_hal_msp.o(i.HAL_UART_MspInit) refers to main.o(i.Error_Handler) for Error_Handler
    stm32l0xx_hal_msp.o(i.HAL_UART_MspInit) refers to stm32l0xx_hal_cortex.o(i.HAL_NVIC_SetPriority) for HAL_NVIC_SetPriority
    stm32l0xx_hal_msp.o(i.HAL_UART_MspInit) refers to stm32l0xx_hal_cortex.o(i.HAL_NVIC_EnableIRQ) for HAL_NVIC_EnableIRQ
    stm32l0xx_hal_msp.o(i.HAL_UART_MspInit) refers to main.o(.bss) for hdma_usart2_rx
    stm32l0xx_it.o(i.ADC1_COMP_IRQHandler) refers to stm32l0xx_hal_adc.o(i.HAL_ADC_IRQHandler) for HAL_ADC_IRQHandler
    stm32l0xx_it.o(i.ADC1_COMP_IRQHandler) refers to main.o(.bss) for hadc
    stm32l0xx_it.o(i.DMA1_Channel4_5_6_7_IRQHandler) refers to stm32l0xx_hal_dma.o(i.HAL_DMA_IRQHandler) for HAL_DMA_IRQHandler
    stm32l0xx_it.o(i.DMA1_Channel4_5_6_7_IRQHandler) refers to main.o(.bss) for hdma_usart2_rx
    stm32l0xx_it.o(i.EXTI4_15_IRQHandler) refers to stm32l0xx_hal_gpio.o(i.HAL_GPIO_EXTI_IRQHandler) for HAL_GPIO_EXTI_IRQHandler
    stm32l0xx_it.o(i.SysTick_Handler) refers to stm32l0xx_hal.o(i.HAL_IncTick) for HAL_IncTick
    stm32l0xx_it.o(i.SysTick_Handler) refers to stm32l0xx_hal_cortex.o(i.HAL_SYSTICK_IRQHandler) for HAL_SYSTICK_IRQHandler
    stm32l0xx_it.o(i.TIM21_IRQHandler) refers to stm32l0xx_hal_tim.o(i.HAL_TIM_IRQHandler) for HAL_TIM_IRQHandler
    stm32l0xx_it.o(i.TIM21_IRQHandler) refers to firmware.o(.data) for g_timer_1ms
    stm32l0xx_it.o(i.TIM21_IRQHandler) refers to main.o(.bss) for htim21
    stm32l0xx_it.o(i.USART2_IRQHandler) refers to stm32l0xx_hal_uart.o(i.HAL_UART_IRQHandler) for HAL_UART_IRQHandler
    stm32l0xx_it.o(i.USART2_IRQHandler) refers to main.o(.bss) for huart2
    main.o(i.MX_ADC_Init) refers to stm32l0xx_hal_adc.o(i.HAL_ADC_Init) for HAL_ADC_Init
    main.o(i.MX_ADC_Init) refers to main.o(i.Error_Handler) for Error_Handler
    main.o(i.MX_ADC_Init) refers to stm32l0xx_hal_adc.o(i.HAL_ADC_ConfigChannel) for HAL_ADC_ConfigChannel
    main.o(i.MX_ADC_Init) refers to main.o(.bss) for hadc
    main.o(i.MX_DMA_Init) refers to stm32l0xx_hal_cortex.o(i.HAL_NVIC_SetPriority) for HAL_NVIC_SetPriority
    main.o(i.MX_DMA_Init) refers to stm32l0xx_hal_cortex.o(i.HAL_NVIC_EnableIRQ) for HAL_NVIC_EnableIRQ
    main.o(i.MX_GPIO_Init) refers to stm32l0xx_hal_gpio.o(i.HAL_GPIO_Init) for HAL_GPIO_Init
    main.o(i.MX_GPIO_Init) refers to stm32l0xx_hal_gpio.o(i.HAL_GPIO_WritePin) for HAL_GPIO_WritePin
    main.o(i.MX_GPIO_Init) refers to stm32l0xx_hal_cortex.o(i.HAL_NVIC_SetPriority) for HAL_NVIC_SetPriority
    main.o(i.MX_GPIO_Init) refers to stm32l0xx_hal_cortex.o(i.HAL_NVIC_EnableIRQ) for HAL_NVIC_EnableIRQ
    main.o(i.MX_TIM21_Init) refers to stm32l0xx_hal_tim.o(i.HAL_TIM_Base_Init) for HAL_TIM_Base_Init
    main.o(i.MX_TIM21_Init) refers to main.o(i.Error_Handler) for Error_Handler
    main.o(i.MX_TIM21_Init) refers to stm32l0xx_hal_tim.o(i.HAL_TIM_ConfigClockSource) for HAL_TIM_ConfigClockSource
[...]
    Removing stm32l0xx_hal_rcc_ex.o(i.HAL_RCCEx_DisableLSECSS), (36 bytes).
    Removing stm32l0xx_hal_rcc_ex.o(i.HAL_RCCEx_EnableLSECSS), (20 bytes).
    Removing stm32l0xx_hal_rcc_ex.o(i.HAL_RCCEx_EnableLSECSS_IT), (68 bytes).
    Removing stm32l0xx_hal_rcc_ex.o(i.HAL_RCCEx_GetPeriphCLKConfig), (60 bytes).
    Removing stm32l0xx_hal_rcc_ex.o(i.HAL_RCCEx_GetPeriphCLKFreq), (448 bytes).
    Removing stm32l0xx_hal_rcc_ex.o(i.HAL_RCCEx_LSECSS_Callback), (2 bytes).
    Removing stm32l0xx_hal_rcc_ex.o(i.HAL_RCCEx_LSECSS_IRQHandler), (32 bytes).
    Removing stm32l0xx_hal_pwr_ex.o(.rev16_text), (4 bytes).
    Removing stm32l0xx_hal_pwr_ex.o(.revsh_text), (4 bytes).
    Removing stm32l0xx_hal_pwr_ex.o(i.HAL_PWREx_DisableFastWakeUp), (20 bytes).
    Removing stm32l0xx_hal_pwr_ex.o(i.HAL_PWREx_DisableLowPowerRunMode), (96 bytes).
    Removing stm32l0xx_hal_pwr_ex.o(i.HAL_PWREx_DisableUltraLowPower), (20 bytes).
    Removing stm32l0xx_hal_pwr_ex.o(i.HAL_PWREx_EnableFastWakeUp), (20 bytes).
    Removing stm32l0xx_hal_pwr_ex.o(i.HAL_PWREx_EnableLowPowerRunMode), (32 bytes).
    Removing stm32l0xx_hal_pwr_ex.o(i.HAL_PWREx_EnableUltraLowPower), (20 bytes).
    Removing stm32l0xx_hal_uart_ex.o(.rev16_text), (4 bytes).
    Removing stm32l0xx_hal_uart_ex.o(.revsh_text), (4 bytes).
    Removing stm32l0xx_hal_uart_ex.o(i.HAL_MultiProcessorEx_AddressLength_Set), (66 bytes).
    Removing stm32l0xx_hal_uart_ex.o(i.HAL_RS485Ex_Init), (148 bytes).
    Removing stm32l0xx_hal_uart_ex.o(i.HAL_UARTEx_DisableClockStopMode), (64 bytes).
    Removing stm32l0xx_hal_uart_ex.o(i.HAL_UARTEx_DisableStopMode), (62 bytes).
    Removing stm32l0xx_hal_uart_ex.o(i.HAL_UARTEx_EnableClockStopMode), (64 bytes).
    Removing stm32l0xx_hal_uart_ex.o(i.HAL_UARTEx_EnableStopMode), (62 bytes).
    Removing stm32l0xx_hal_uart_ex.o(i.HAL_UARTEx_StopModeWakeUpSourceConfig), (138 bytes).
    Removing stm32l0xx_hal_uart_ex.o(i.UART_Wakeup_AddressConfig), (54 bytes).
    Removing stm32l0xx_hal_flash_ex.o(.rev16_text), (4 bytes).
    Removing stm32l0xx_hal_flash_ex.o(.revsh_text), (4 bytes).
    Removing stm32l0xx_hal_flash_ex.o(i.FLASH_OB_BOOTBit1Config), (84 bytes).
    Removing stm32l0xx_hal_flash_ex.o(i.FLASH_OB_BORConfig), (88 bytes).
    Removing stm32l0xx_hal_flash_ex.o(i.FLASH_OB_GetBOOTBit1), (12 bytes).
    Removing stm32l0xx_hal_flash_ex.o(i.FLASH_OB_GetBOR), (20 bytes).
    Removing stm32l0xx_hal_flash_ex.o(i.FLASH_OB_GetRDP), (12 bytes).
    Removing stm32l0xx_hal_flash_ex.o(i.FLASH_OB_GetUser), (20 bytes).
    Removing stm32l0xx_hal_flash_ex.o(i.FLASH_OB_GetWRP), (12 bytes).
    Removing stm32l0xx_hal_flash_ex.o(i.FLASH_OB_PCROPSelectionConfig), (76 bytes).
    Removing stm32l0xx_hal_flash_ex.o(i.FLASH_OB_ProtectedSectorsConfig), (108 bytes).
    Removing stm32l0xx_hal_flash_ex.o(i.FLASH_OB_RDPConfig), (80 bytes).
    Removing stm32l0xx_hal_flash_ex.o(i.FLASH_OB_UserConfig), (108 bytes).
    Removing stm32l0xx_hal_flash_ex.o(i.HAL_FLASHEx_AdvOBGetConfig), (32 bytes).
    Removing stm32l0xx_hal_flash_ex.o(i.HAL_FLASHEx_AdvOBProgram), (28 bytes).
    Removing stm32l0xx_hal_flash_ex.o(i.HAL_FLASHEx_DATAEEPROM_DisableFixedTimeProgram), (20 bytes).
    Removing stm32l0xx_hal_flash_ex.o(i.HAL_FLASHEx_DATAEEPROM_EnableFixedTimeProgram), (20 bytes).
    Removing stm32l0xx_hal_flash_ex.o(i.HAL_FLASHEx_DATAEEPROM_Erase), (44 bytes).
    Removing stm32l0xx_hal_flash_ex.o(i.HAL_FLASHEx_Erase), (144 bytes).
    Removing stm32l0xx_hal_flash_ex.o(i.HAL_FLASHEx_Erase_IT), (108 bytes).
    Removing stm32l0xx_hal_flash_ex.o(i.HAL_FLASHEx_OBGetConfig), (40 bytes).
    Removing stm32l0xx_hal_flash_ex.o(i.HAL_FLASHEx_OBProgram), (216 bytes).
    Removing stm32l0xx_hal_flash_ex.o(i.HAL_FLASHEx_OB_DeSelectPCROP), (10 bytes).
    Removing stm32l0xx_hal_flash_ex.o(i.HAL_FLASHEx_OB_SelectPCROP), (10 bytes).
    Removing stm32l0xx_hal_gpio.o(.rev16_text), (4 bytes).
    Removing stm32l0xx_hal_gpio.o(.revsh_text), (4 bytes).
    Removing stm32l0xx_hal_gpio.o(i.HAL_GPIO_DeInit), (268 bytes).
    Removing stm32l0xx_hal_gpio.o(i.HAL_GPIO_EXTI_Callback), (2 bytes).
    Removing stm32l0xx_hal_gpio.o(i.HAL_GPIO_LockPin), (50 bytes).
    Removing stm32l0xx_hal_gpio.o(i.HAL_GPIO_ReadPin), (18 bytes).
    Removing stm32l0xx_hal_gpio.o(i.HAL_GPIO_TogglePin), (8 bytes).
    Removing startup_stm32l031xx.o(HEAP), (512 bytes).
    Removing dfixul.o(.text), (64 bytes).
    Removing cdrcmple.o(.text), (40 bytes).

370 unused section(s) (total 32348 bytes) removed from the image.

==============================================================================

Image Symbol Table

    Local Symbols

    Symbol Name                              Value     Ov Type        Size  Object(Section)

    ../Drivers/CMSIS//Device/ST/STM32L0xx/Source/Templates/system_stm32l0xx.c 0x00000000   Number         0  system_stm32l0xx.o ABSOLUTE
    ../Drivers/STM32L0xx_HAL_Driver/Src/stm32l0xx_hal.c 0x00000000   Number         0  stm32l0xx_hal.o ABSOLUTE
    ../Drivers/STM32L0xx_HAL_Driver/Src/stm32l0xx_hal_adc.c 0x00000000   Number         0  stm32l0xx_hal_adc.o ABSOLUTE
    ../Drivers/STM32L0xx_HAL_Driver/Src/stm32l0xx_hal_adc_ex.c 0x00000000   Number         0  stm32l0xx_hal_adc_ex.o ABSOLUTE
    ../Drivers/STM32L0xx_HAL_Driver/Src/stm32l0xx_hal_cortex.c 0x00000000   Number         0  stm32l0xx_hal_cortex.o ABSOLUTE
    ../Drivers/STM32L0xx_HAL_Driver/Src/stm32l0xx_hal_dma.c 0x00000000   Number         0  stm32l0xx_hal_dma.o ABSOLUTE
    ../Drivers/STM32L0xx_HAL_Driver/Src/stm32l0xx_hal_flash.c 0x00000000   Number         0  stm32l0xx_hal_flash.o ABSOLUTE
    ../Drivers/STM32L0xx_HAL_Driver/Src/stm32l0xx_hal_flash_ex.c 0x00000000   Number         0  stm32l0xx_hal_flash_ex.o ABSOLUTE
    ../Drivers/STM32L0xx_HAL_Driver/Src/stm32l0xx_hal_flash_ramfunc.c 0x00000000   Number         0  stm32l0xx_hal_flash_ramfunc.o ABSOLUTE
    ../Drivers/STM32L0xx_HAL_Driver/Src/stm32l0xx_hal_gpio.c 0x00000000   Number         0  stm32l0xx_hal_gpio.o ABSOLUTE
    ../Drivers/STM32L0xx_HAL_Driver/Src/stm32l0xx_hal_i2c.c 0x00000000   Number         0  stm32l0xx_hal_i2c.o ABSOLUTE
    ../Drivers/STM32L0xx_HAL_Driver/Src/stm32l0xx_hal_i2c_ex.c 0x00000000   Number         0  stm32l0xx_hal_i2c_ex.o ABSOLUTE
    ../Drivers/STM32L0xx_HAL_Driver/Src/stm32l0xx_hal_pwr.c 0x00000000   Number         0  stm32l0xx_hal_pwr.o ABSOLUTE
    ../Drivers/STM32L0xx_HAL_Driver/Src/stm32l0xx_hal_pwr_ex.c 0x00000000   Number         0  stm32l0xx_hal_pwr_ex.o ABSOLUTE
    ../Drivers/STM32L0xx_HAL_Driver/Src/stm32l0xx_hal_rcc.c 0x00000000   Number         0  stm32l0xx_hal_rcc.o ABSOLUTE
    ../Drivers/STM32L0xx_HAL_Driver/Src/stm32l0xx_hal_rcc_ex.c 0x00000000   Number         0  stm32l0xx_hal_rcc_ex.o ABSOLUTE
    ../Drivers/STM32L0xx_HAL_Driver/Src/stm32l0xx_hal_tim.c 0x00000000   Number         0  stm32l0xx_hal_tim.o ABSOLUTE
    ../Drivers/STM32L0xx_HAL_Driver/Src/stm32l0xx_hal_tim_ex.c 0x00000000   Number         0  stm32l0xx_hal_tim_ex.o ABSOLUTE
    ../Drivers/STM32L0xx_HAL_Driver/Src/stm32l0xx_hal_uart.c 0x00000000   Number         0  stm32l0xx_hal_uart.o ABSOLUTE
    ../Drivers/STM32L0xx_HAL_Driver/Src/stm32l0xx_hal_uart_ex.c 0x00000000   Number         0  stm32l0xx_hal_uart_ex.o ABSOLUTE
    ../Src/main.c                            0x00000000   Number         0  main.o ABSOLUTE
    ../Src/stm32l0xx_hal_msp.c               0x00000000   Number         0  stm32l0xx_hal_msp.o ABSOLUTE
    ../Src/stm32l0xx_it.c                    0x00000000   Number         0  stm32l0xx_it.o ABSOLUTE
    ../clib/microlib/ctype/ctype.c           0x00000000   Number         0  isxdigit_o.o ABSOLUTE
    ../clib/microlib/ctype/ctype.c           0x00000000   Number         0  isupper_o.o ABSOLUTE
    ../clib/microlib/ctype/ctype.c           0x00000000   Number         0  isspace_o.o ABSOLUTE
    ../clib/microlib/ctype/ctype.c           0x00000000   Number         0  ispunct_o.o ABSOLUTE
    ../clib/microlib/ctype/ctype.c           0x00000000   Number         0  isprint_o.o ABSOLUTE
    ../clib/microlib/ctype/ctype.c           0x00000000   Number         0  islower_o.o ABSOLUTE
    ../clib/microlib/ctype/ctype.c           0x00000000   Number         0  isgraph_o.o ABSOLUTE
    ../clib/microlib/ctype/ctype.c           0x00000000   Number         0  isdigit_o.o ABSOLUTE
    ../clib/microlib/ctype/ctype.c           0x00000000   Number         0  iscntrl_o.o ABSOLUTE
    ../clib/microlib/ctype/ctype.c           0x00000000   Number         0  isblank_o.o ABSOLUTE
    ../clib/microlib/ctype/ctype.c           0x00000000   Number         0  isalpha_o.o ABSOLUTE
    ../clib/microlib/ctype/ctype.c           0x00000000   Number         0  isalnum_o.o ABSOLUTE
    ../clib/microlib/ctype/ctype.c           0x00000000   Number         0  ctype_o.o ABSOLUTE
    ../clib/microlib/division.c              0x00000000   Number         0  uldiv.o ABSOLUTE
    ../clib/microlib/division.c              0x00000000   Number         0  uidiv.o ABSOLUTE
    ../clib/microlib/errno.c                 0x00000000   Number         0  errno.o ABSOLUTE
    ../clib/microlib/init/entry.s            0x00000000   Number         0  entry7b.o ABSOLUTE
    ../clib/microlib/init/entry.s            0x00000000   Number         0  entry8b.o ABSOLUTE
    ../clib/microlib/init/entry.s            0x00000000   Number         0  entry8a.o ABSOLUTE
    ../clib/microlib/init/entry.s            0x00000000   Number         0  entry5.o ABSOLUTE
    ../clib/microlib/init/entry.s            0x00000000   Number         0  entry7a.o ABSOLUTE
    ../clib/microlib/init/entry.s            0x00000000   Number         0  entry2.o ABSOLUTE
    ../clib/microlib/init/entry.s            0x00000000   Number         0  entry9a.o ABSOLUTE
    ../clib/microlib/init/entry.s            0x00000000   Number         0  entry.o ABSOLUTE
    ../clib/microlib/init/entry.s            0x00000000   Number         0  entry11b.o ABSOLUTE
    ../clib/microlib/init/entry.s            0x00000000   Number         0  entry9b.o ABSOLUTE
    ../clib/microlib/init/entry.s            0x00000000   Number         0  entry10a.o ABSOLUTE
    ../clib/microlib/init/entry.s            0x00000000   Number         0  entry11a.o ABSOLUTE
    ../clib/microlib/init/entry.s            0x00000000   Number         0  entry10b.o ABSOLUTE
    ../clib/microlib/longlong.c              0x00000000   Number         0  llshl.o ABSOLUTE
    ../clib/microlib/longlong.c              0x00000000   Number         0  llushr.o ABSOLUTE
    ../clib/microlib/longlong.c              0x00000000   Number         0  llsshr.o ABSOLUTE
    ../clib/microlib/printf/printf.c         0x00000000   Number         0  printf5.o ABSOLUTE
    ../clib/microlib/printf/printf.c         0x00000000   Number         0  printfb.o ABSOLUTE
    ../clib/microlib/printf/printf.c         0x00000000   Number         0  printf0.o ABSOLUTE
    ../clib/microlib/printf/printf.c         0x00000000   Number         0  printf1.o ABSOLUTE
    ../clib/microlib/printf/printf.c         0x00000000   Number         0  printf2.o ABSOLUTE
    ../clib/microlib/printf/printf.c         0x00000000   Number         0  printf3.o ABSOLUTE
    ../clib/microlib/printf/printf.c         0x00000000   Number         0  printf4.o ABSOLUTE
    ../clib/microlib/printf/printf.c         0x00000000   Number         0  printfa.o ABSOLUTE
    ../clib/microlib/printf/printf.c         0x00000000   Number         0  printf8.o ABSOLUTE
    ../clib/microlib/printf/printf.c         0x00000000   Number         0  printf7.o ABSOLUTE
    ../clib/microlib/printf/printf.c         0x00000000   Number         0  printf6.o ABSOLUTE
    ../clib/microlib/printf/stubs.s          0x00000000   Number         0  stubs.o ABSOLUTE
    ../clib/microlib/stdio/fputc.c           0x00000000   Number         0  fputc.o ABSOLUTE
    ../clib/microlib/stdio/semi.s            0x00000000   Number         0  semi.o ABSOLUTE
    ../clib/microlib/stdio/streams.c         0x00000000   Number         0  stdout.o ABSOLUTE
    ../clib/microlib/string/memcpy.c         0x00000000   Number         0  memcpyb.o ABSOLUTE
    ../clib/microlib/string/memcpy.c         0x00000000   Number         0  memcpya.o ABSOLUTE
    ../clib/microlib/string/memset.c         0x00000000   Number         0  memseta.o ABSOLUTE
    ../clib/microlib/string/strcmp.c         0x00000000   Number         0  strcmp.o ABSOLUTE
    ../clib/microlib/string/strcpy.c         0x00000000   Number         0  strcpy.o ABSOLUTE
    ../clib/microlib/string/strlen.c         0x00000000   Number         0  strlen.o ABSOLUTE
    ../clib/microlib/stubs.s                 0x00000000   Number         0  iusesemip.o ABSOLUTE
    ../clib/microlib/stubs.s                 0x00000000   Number         0  iusefp.o ABSOLUTE
    ../clib/scanf.c                          0x00000000   Number         0  atoi.o ABSOLUTE
    ../clib/scanf.c                          0x00000000   Number         0  strtol.o ABSOLUTE
    ../clib/scanf.c                          0x00000000   Number         0  _strtoul.o ABSOLUTE
    ../clib/scanf.c                          0x00000000   Number         0  _chval.o ABSOLUTE
    ../fplib/microlib/fpadd.c                0x00000000   Number         0  dadd.o ABSOLUTE
    ../fplib/microlib/fpdiv.c                0x00000000   Number         0  ddiv.o ABSOLUTE
    ../fplib/microlib/fpepilogue.c           0x00000000   Number         0  depilogue.o ABSOLUTE
    ../fplib/microlib/fpfix.c                0x00000000   Number         0  dfixul.o ABSOLUTE
    ../fplib/microlib/fpfix.c                0x00000000   Number         0  dfixui.o ABSOLUTE
    ../fplib/microlib/fpflt.c                0x00000000   Number         0  dfltul.o ABSOLUTE
    ../fplib/microlib/fpmul.c                0x00000000   Number         0  dmul.o ABSOLUTE
    ..\Drivers\CMSIS\\Device\ST\STM32L0xx\Source\Templates\system_stm32l0xx.c 0x00000000   Number         0  system_stm32l0xx.o ABSOLUTE
    ..\Drivers\STM32L0xx_HAL_Driver\Src\stm32l0xx_hal.c 0x00000000   Number         0  stm32l0xx_hal.o ABSOLUTE
    ..\Drivers\STM32L0xx_HAL_Driver\Src\stm32l0xx_hal_adc.c 0x00000000   Number         0  stm32l0xx_hal_adc.o ABSOLUTE
    ..\Drivers\STM32L0xx_HAL_Driver\Src\stm32l0xx_hal_adc_ex.c 0x00000000   Number         0  stm32l0xx_hal_adc_ex.o ABSOLUTE
    ..\Drivers\STM32L0xx_HAL_Driver\Src\stm32l0xx_hal_cortex.c 0x00000000   Number         0  stm32l0xx_hal_cortex.o ABSOLUTE
    ..\Drivers\STM32L0xx_HAL_Driver\Src\stm32l0xx_hal_dma.c 0x00000000   Number         0  stm32l0xx_hal_dma.o ABSOLUTE
    ..\Drivers\STM32L0xx_HAL_Driver\Src\stm32l0xx_hal_flash.c 0x00000000   Number         0  stm32l0xx_hal_flash.o ABSOLUTE
    ..\Drivers\STM32L0xx_HAL_Driver\Src\stm32l0xx_hal_flash_ex.c 0x00000000   Number         0  stm32l0xx_hal_flash_ex.o ABSOLUTE
    ..\Drivers\STM32L0xx_HAL_Driver\Src\stm32l0xx_hal_flash_ramfunc.c 0x00000000   Number         0  stm32l0xx_hal_flash_ramfunc.o ABSOLUTE
    ..\Drivers\STM32L0xx_HAL_Driver\Src\stm32l0xx_hal_gpio.c 0x00000000   Number         0  stm32l0xx_hal_gpio.o ABSOLUTE
    ..\Drivers\STM32L0xx_HAL_Driver\Src\stm32l0xx_hal_i2c.c 0x00000000   Number         0  stm32l0xx_hal_i2c.o ABSOLUTE
    ..\Drivers\STM32L0xx_HAL_Driver\Src\stm32l0xx_hal_i2c_ex.c 0x00000000   Number         0  stm32l0xx_hal_i2c_ex.o ABSOLUTE
    ..\Drivers\STM32L0xx_HAL_Driver\Src\stm32l0xx_hal_pwr.c 0x00000000   Number         0  stm32l0xx_hal_pwr.o ABSOLUTE
    ..\Drivers\STM32L0xx_HAL_Driver\Src\stm32l0xx_hal_pwr_ex.c 0x00000000   Number         0  stm32l0xx_hal_pwr_ex.o ABSOLUTE
    ..\Drivers\STM32L0xx_HAL_Driver\Src\stm32l0xx_hal_rcc.c 0x00000000   Number         0  stm32l0xx_hal_rcc.o ABSOLUTE
    ..\Drivers\STM32L0xx_HAL_Driver\Src\stm32l0xx_hal_rcc_ex.c 0x00000000   Number         0  stm32l0xx_hal_rcc_ex.o ABSOLUTE
    ..\Drivers\STM32L0xx_HAL_Driver\Src\stm32l0xx_hal_tim.c 0x00000000   Number         0  stm32l0xx_hal_tim.o ABSOLUTE
    ..\Drivers\STM32L0xx_HAL_Driver\Src\stm32l0xx_hal_tim_ex.c 0x00000000   Number         0  stm32l0xx_hal_tim_ex.o ABSOLUTE
    ..\Drivers\STM32L0xx_HAL_Driver\Src\stm32l0xx_hal_uart.c 0x00000000   Number         0  stm32l0xx_hal_uart.o ABSOLUTE
    ..\Drivers\STM32L0xx_HAL_Driver\Src\stm32l0xx_hal_uart_ex.c 0x00000000   Number         0  stm32l0xx_hal_uart_ex.o ABSOLUTE
    ..\Src\firmware.c                        0x00000000   Number         0  firmware.o ABSOLUTE
    ..\Src\main.c                            0x00000000   Number         0  main.o ABSOLUTE
    ..\Src\stm32l0xx_hal_msp.c               0x00000000   Number         0  stm32l0xx_hal_msp.o ABSOLUTE
    ..\Src\stm32l0xx_it.c                    0x00000000   Number         0  stm32l0xx_it.o ABSOLUTE
    ..\\Src\\firmware.c                      0x00000000   Number         0  firmware.o ABSOLUTE
    cdrcmple.s                               0x00000000   Number         0  cdrcmple.o ABSOLUTE
    dc.s                                     0x00000000   Number         0  dc.o ABSOLUTE
    handlers.s                               0x00000000   Number         0  handlers.o ABSOLUTE
    init.s                                   0x00000000   Number         0  init.o ABSOLUTE
    startup_stm32l031xx.s                    0x00000000   Number         0  startup_stm32l031xx.o ABSOLUTE
    RESET                                    0x08000000   Section      192  startup_stm32l031xx.o(RESET)
    .ARM.Collect$$$$00000000                 0x080000c0   Section        0  entry.o(.ARM.Collect$$$$00000000)
    .ARM.Collect$$$$00000001                 0x080000c0   Section        4  entry2.o(.ARM.Collect$$$$00000001)
    .ARM.Collect$$$$00000004                 0x080000c4   Section        4  entry5.o(.ARM.Collect$$$$00000004)
    .ARM.Collect$$$$00000008                 0x080000c8   Section        0  entry7b.o(.ARM.Collect$$$$00000008)
    .ARM.Collect$$$$0000000A                 0x080000c8   Section        0  entry8b.o(.ARM.Collect$$$$0000000A)
    .ARM.Collect$$$$0000000B                 0x080000c8   Section        8  entry9a.o(.ARM.Collect$$$$0000000B)
    .ARM.Collect$$$$0000000D                 0x080000d0   Section        0  entry10a.o(.ARM.Collect$$$$0000000D)
    .ARM.Collect$$$$0000000F                 0x080000d0   Section        0  entry11a.o(.ARM.Collect$$$$0000000F)
    .ARM.Collect$$$$00002712                 0x080000d0   Section        4  entry2.o(.ARM.Collect$$$$00002712)
    __lit__00000000                          0x080000d0   Data           4  entry2.o(.ARM.Collect$$$$00002712)
    .text                                    0x080000d4   Section       28  startup_stm32l031xx.o(.text)
    .text                                    0x080000f0   Section        0  uidiv.o(.text)
    .text                                    0x0800011c   Section        0  uldiv.o(.text)
    .text                                    0x0800017c   Section        0  memcpya.o(.text)
    .text                                    0x080001a0   Section        0  memseta.o(.text)
    .text                                    0x080001c4   Section        0  strlen.o(.text)
    .text                                    0x080001d2   Section        0  strcmp.o(.text)
    .text                                    0x080001ee   Section        0  strcpy.o(.text)
    .text                                    0x08000200   Section        0  atoi.o(.text)
    .text                                    0x0800021c   Section        0  dadd.o(.text)
    .text                                    0x08000380   Section        0  dmul.o(.text)
    .text                                    0x08000450   Section        0  ddiv.o(.text)
    .text                                    0x08000540   Section        0  dfltul.o(.text)
    .text                                    0x0800055c   Section        0  dfixui.o(.text)
    .text                                    0x08000598   Section        0  llshl.o(.text)
    .text                                    0x080005b8   Section        0  llushr.o(.text)
    .text                                    0x080005da   Section        0  llsshr.o(.text)
    .text                                    0x08000600   Section        0  strtol.o(.text)
    .text                                    0x08000670   Section        0  depilogue.o(.text)
    .text                                    0x08000670   Section        0  iusefp.o(.text)
    .text                                    0x08000730   Section       36  init.o(.text)
    .text                                    0x08000754   Section        0  ctype_o.o(.text)
    .text                                    0x0800075c   Section        0  _strtoul.o(.text)
    .text                                    0x08000802   Section        0  _chval.o(.text)
    i.ADC1_COMP_IRQHandler                   0x08000820   Section        0  stm32l0xx_it.o(i.ADC1_COMP_IRQHandler)
    i.ADC_ConversionStop                     0x08000830   Section        0  stm32l0xx_hal_adc.o(i.ADC_ConversionStop)
    ADC_ConversionStop                       0x08000831   Thumb Code   108  stm32l0xx_hal_adc.o(i.ADC_ConversionStop)
    i.ADC_DelayMicroSecond                   0x0800089c   Section        0  stm32l0xx_hal_adc.o(i.ADC_DelayMicroSecond)
    ADC_DelayMicroSecond                     0x0800089d   Thumb Code    34  stm32l0xx_hal_adc.o(i.ADC_DelayMicroSecond)
    i.ADC_Disable                            0x080008c8   Section        0  stm32l0xx_hal_adc.o(i.ADC_Disable)
    ADC_Disable                              0x080008c9   Thumb Code   156  stm32l0xx_hal_adc.o(i.ADC_Disable)
    i.ADC_Enable                             0x08000964   Section        0  stm32l0xx_hal_adc.o(i.ADC_Enable)
    ADC_Enable                               0x08000965   Thumb Code   160  stm32l0xx_hal_adc.o(i.ADC_Enable)
    i.CheckNArgs                             0x08000a08   Section        0  firmware.o(i.CheckNArgs)
    i.CheckValue                             0x08000a3a   Section        0  firmware.o(i.CheckValue)
    i.DMA1_Channel4_5_6_7_IRQHandler         0x08000a50   Section        0  stm32l0xx_it.o(i.DMA1_Channel4_5_6_7_IRQHandler)
    i.DMA_SetConfig                          0x08000a60   Section        0  stm32l0xx_hal_dma.o(i.DMA_SetConfig)
    DMA_SetConfig                            0x08000a61   Thumb Code    32  stm32l0xx_hal_dma.o(i.DMA_SetConfig)
    i.DustOff                                0x08000a80   Section        0  firmware.o(i.DustOff)
    i.EEPROM_ReadWord                        0x08000c50   Section        0  firmware.o(i.EEPROM_ReadWord)
    i.EEPROM_WriteWord                       0x08000c60   Section        0  firmware.o(i.EEPROM_WriteWord)
    i.EXTI4_15_IRQHandler                    0x08000c88   Section        0  stm32l0xx_it.o(i.EXTI4_15_IRQHandler)
    i.Error_Handler                          0x08000c92   Section        0  main.o(i.Error_Handler)
    i.FLASH_SetErrorCode                     0x08000c98   Section        0  stm32l0xx_hal_flash.o(i.FLASH_SetErrorCode)
    FLASH_SetErrorCode                       0x08000c99   Thumb Code   190  stm32l0xx_hal_flash.o(i.FLASH_SetErrorCode)
    i.FLASH_WaitForLastOperation             0x08000d64   Section        0  stm32l0xx_hal_flash.o(i.FLASH_WaitForLastOperation)
    i.Firmware_Init                          0x08000e20   Section        0  firmware.o(i.Firmware_Init)
    i.HAL_ADC_ConfigChannel                  0x08000f94   Section        0  stm32l0xx_hal_adc.o(i.HAL_ADC_ConfigChannel)
    i.HAL_ADC_ConvCpltCallback               0x0800109c   Section        0  firmware.o(i.HAL_ADC_ConvCpltCallback)
    i.HAL_ADC_ErrorCallback                  0x080010a8   Section        0  stm32l0xx_hal_adc.o(i.HAL_ADC_ErrorCallback)
    i.HAL_ADC_GetValue                       0x080010aa   Section        0  stm32l0xx_hal_adc.o(i.HAL_ADC_GetValue)
    i.HAL_ADC_IRQHandler                     0x080010b2   Section        0  stm32l0xx_hal_adc.o(i.HAL_ADC_IRQHandler)
    i.HAL_ADC_Init                           0x080011c8   Section        0  stm32l0xx_hal_adc.o(i.HAL_ADC_Init)
    i.HAL_ADC_LevelOutOfWindowCallback       0x080013fc   Section        0  stm32l0xx_hal_adc.o(i.HAL_ADC_LevelOutOfWindowCallback)
    i.HAL_ADC_MspInit                        0x08001400   Section        0  stm32l0xx_hal_msp.o(i.HAL_ADC_MspInit)
    i.HAL_ADC_Start_IT                       0x0800144c   Section        0  stm32l0xx_hal_adc.o(i.HAL_ADC_Start_IT)
    i.HAL_ADC_Stop_IT                        0x080014f4   Section        0  stm32l0xx_hal_adc.o(i.HAL_ADC_Stop_IT)
    i.HAL_DMA_IRQHandler                     0x08001550   Section        0  stm32l0xx_hal_dma.o(i.HAL_DMA_IRQHandler)
    i.HAL_DMA_Init                           0x0800186c   Section        0  stm32l0xx_hal_dma.o(i.HAL_DMA_Init)
    i.HAL_DMA_Start_IT                       0x080019fc   Section        0  stm32l0xx_hal_dma.o(i.HAL_DMA_Start_IT)
    i.HAL_Delay                              0x08001a6e   Section        0  stm32l0xx_hal.o(i.HAL_Delay)
    i.HAL_FLASHEx_DATAEEPROM_Lock            0x08001a88   Section        0  stm32l0xx_hal_flash_ex.o(i.HAL_FLASHEx_DATAEEPROM_Lock)
    i.HAL_FLASHEx_DATAEEPROM_Program         0x08001a9c   Section        0  stm32l0xx_hal_flash_ex.o(i.HAL_FLASHEx_DATAEEPROM_Program)
    i.HAL_FLASHEx_DATAEEPROM_Unlock          0x08001b04   Section        0  stm32l0xx_hal_flash_ex.o(i.HAL_FLASHEx_DATAEEPROM_Unlock)
    i.HAL_GPIO_EXTI_Callback                 0x08001b30   Section        0  firmware.o(i.HAL_GPIO_EXTI_Callback)
    i.HAL_GPIO_EXTI_IRQHandler               0x08001b40   Section        0  stm32l0xx_hal_gpio.o(i.HAL_GPIO_EXTI_IRQHandler)
    i.HAL_GPIO_Init                          0x08001b60   Section        0  stm32l0xx_hal_gpio.o(i.HAL_GPIO_Init)
    i.HAL_GPIO_WritePin                      0x08001d3c   Section        0  stm32l0xx_hal_gpio.o(i.HAL_GPIO_WritePin)
    i.HAL_GetTick                            0x08001d48   Section        0  stm32l0xx_hal.o(i.HAL_GetTick)
    i.HAL_IncTick                            0x08001d54   Section        0  stm32l0xx_hal.o(i.HAL_IncTick)
    i.HAL_Init                               0x08001d64   Section        0  stm32l0xx_hal.o(i.HAL_Init)
    i.HAL_InitTick                           0x08001d84   Section        0  stm32l0xx_hal.o(i.HAL_InitTick)
    i.HAL_MspInit                            0x08001dac   Section        0  stm32l0xx_hal_msp.o(i.HAL_MspInit)
    i.HAL_NVIC_EnableIRQ                     0x08001de0   Section        0  stm32l0xx_hal_cortex.o(i.HAL_NVIC_EnableIRQ)
    i.HAL_NVIC_SetPriority                   0x08001df8   Section        0  stm32l0xx_hal_cortex.o(i.HAL_NVIC_SetPriority)
    i.HAL_RCCEx_PeriphCLKConfig              0x08001e0c   Section        0  stm32l0xx_hal_rcc_ex.o(i.HAL_RCCEx_PeriphCLKConfig)
    i.HAL_RCC_ClockConfig                    0x08001ff0   Section        0  stm32l0xx_hal_rcc.o(i.HAL_RCC_ClockConfig)
    i.HAL_RCC_GetHCLKFreq                    0x080021e8   Section        0  stm32l0xx_hal_rcc.o(i.HAL_RCC_GetHCLKFreq)
    i.HAL_RCC_GetPCLK1Freq                   0x080021f4   Section        0  stm32l0xx_hal_rcc.o(i.HAL_RCC_GetPCLK1Freq)
    i.HAL_RCC_GetPCLK2Freq                   0x08002218   Section        0  stm32l0xx_hal_rcc.o(i.HAL_RCC_GetPCLK2Freq)
    i.HAL_RCC_GetSysClockFreq                0x0800223c   Section        0  stm32l0xx_hal_rcc.o(i.HAL_RCC_GetSysClockFreq)
    i.HAL_RCC_OscConfig                      0x08002328   Section        0  stm32l0xx_hal_rcc.o(i.HAL_RCC_OscConfig)
    i.HAL_SYSTICK_CLKSourceConfig            0x08002928   Section        0  stm32l0xx_hal_cortex.o(i.HAL_SYSTICK_CLKSourceConfig)
    i.HAL_SYSTICK_Callback                   0x0800294c   Section        0  stm32l0xx_hal_cortex.o(i.HAL_SYSTICK_Callback)
    i.HAL_SYSTICK_Config                     0x08002950   Section        0  stm32l0xx_hal_cortex.o(i.HAL_SYSTICK_Config)
    i.HAL_SYSTICK_IRQHandler                 0x08002988   Section        0  stm32l0xx_hal_cortex.o(i.HAL_SYSTICK_IRQHandler)
    i.HAL_TIMEx_MasterConfigSynchronization  0x08002990   Section        0  stm32l0xx_hal_tim_ex.o(i.HAL_TIMEx_MasterConfigSynchronization)
    i.HAL_TIM_Base_Init                      0x080029f2   Section        0  stm32l0xx_hal_tim.o(i.HAL_TIM_Base_Init)
    i.HAL_TIM_Base_MspInit                   0x08002a2c   Section        0  stm32l0xx_hal_msp.o(i.HAL_TIM_Base_MspInit)
    i.HAL_TIM_Base_Start_IT                  0x08002a78   Section        0  stm32l0xx_hal_tim.o(i.HAL_TIM_Base_Start_IT)
    i.HAL_TIM_ConfigClockSource              0x08002a96   Section        0  stm32l0xx_hal_tim.o(i.HAL_TIM_ConfigClockSource)
    i.HAL_TIM_IC_CaptureCallback             0x08002bd4   Section        0  stm32l0xx_hal_tim.o(i.HAL_TIM_IC_CaptureCallback)
    i.HAL_TIM_IRQHandler                     0x08002bd6   Section        0  stm32l0xx_hal_tim.o(i.HAL_TIM_IRQHandler)
    i.HAL_TIM_MspPostInit                    0x08002d54   Section        0  stm32l0xx_hal_msp.o(i.HAL_TIM_MspPostInit)
    i.HAL_TIM_OC_DelayElapsedCallback        0x08002da4   Section        0  stm32l0xx_hal_tim.o(i.HAL_TIM_OC_DelayElapsedCallback)
    i.HAL_TIM_PWM_ConfigChannel              0x08002da6   Section        0  stm32l0xx_hal_tim.o(i.HAL_TIM_PWM_ConfigChannel)
    i.HAL_TIM_PWM_Init                       0x08002eb8   Section        0  stm32l0xx_hal_tim.o(i.HAL_TIM_PWM_Init)
    i.HAL_TIM_PWM_MspInit                    0x08002ef0   Section        0  stm32l0xx_hal_tim.o(i.HAL_TIM_PWM_MspInit)
    i.HAL_TIM_PWM_PulseFinishedCallback      0x08002ef2   Section        0  stm32l0xx_hal_tim.o(i.HAL_TIM_PWM_PulseFinishedCallback)
    i.HAL_TIM_PWM_Start                      0x08002ef4   Section        0  stm32l0xx_hal_tim.o(i.HAL_TIM_PWM_Start)
    i.HAL_TIM_PeriodElapsedCallback          0x08002f14   Section        0  stm32l0xx_hal_tim.o(i.HAL_TIM_PeriodElapsedCallback)
    i.HAL_TIM_TriggerCallback                0x08002f16   Section        0  stm32l0xx_hal_tim.o(i.HAL_TIM_TriggerCallback)
    i.HAL_UARTEx_WakeupCallback              0x08002f18   Section        0  stm32l0xx_hal_uart_ex.o(i.HAL_UARTEx_WakeupCallback)
    i.HAL_UART_ErrorCallback                 0x08002f1a   Section        0  stm32l0xx_hal_uart.o(i.HAL_UART_ErrorCallback)
    i.HAL_UART_GetState                      0x08002f1c   Section        0  stm32l0xx_hal_uart.o(i.HAL_UART_GetState)
    i.HAL_UART_IRQHandler                    0x08002f30   Section        0  stm32l0xx_hal_uart.o(i.HAL_UART_IRQHandler)
    i.HAL_UART_Init                          0x08003092   Section        0  stm32l0xx_hal_uart.o(i.HAL_UART_Init)
    i.HAL_UART_MspInit                       0x08003110   Section        0  stm32l0xx_hal_msp.o(i.HAL_UART_MspInit)
    i.HAL_UART_Receive_DMA                   0x080031a8   Section        0  stm32l0xx_hal_uart.o(i.HAL_UART_Receive_DMA)
    i.HAL_UART_RxCpltCallback                0x0800323c   Section        0  firmware.o(i.HAL_UART_RxCpltCallback)
    i.HAL_UART_RxHalfCpltCallback            0x080033a4   Section        0  stm32l0xx_hal_uart.o(i.HAL_UART_RxHalfCpltCallback)
    i.HAL_UART_Transmit_IT                   0x080033a6   Section        0  stm32l0xx_hal_uart.o(i.HAL_UART_Transmit_IT)
    i.HAL_UART_TxCpltCallback                0x08003414   Section        0  stm32l0xx_hal_uart.o(i.HAL_UART_TxCpltCallback)
    i.LED                                    0x08003416   Section        0  firmware.o(i.LED)
    i.LM35_Convert                           0x08003460   Section        0  firmware.o(i.LM35_Convert)
    i.MX_ADC_Init                            0x080034c4   Section        0  main.o(i.MX_ADC_Init)
    MX_ADC_Init                              0x080034c5   Thumb Code    98  main.o(i.MX_ADC_Init)
    i.MX_DMA_Init                            0x08003534   Section        0  main.o(i.MX_DMA_Init)
    MX_DMA_Init                              0x08003535   Thumb Code    48  main.o(i.MX_DMA_Init)
    i.MX_GPIO_Init                           0x08003568   Section        0  main.o(i.MX_GPIO_Init)
    MX_GPIO_Init                             0x08003569   Thumb Code   266  main.o(i.MX_GPIO_Init)
    i.MX_TIM21_Init                          0x08003684   Section        0  main.o(i.MX_TIM21_Init)
    MX_TIM21_Init                            0x08003685   Thumb Code    88  main.o(i.MX_TIM21_Init)
    i.MX_TIM2_Init                           0x080036e8   Section        0  main.o(i.MX_TIM2_Init)
    MX_TIM2_Init                             0x080036e9   Thumb Code   196  main.o(i.MX_TIM2_Init)
    i.MX_USART2_UART_Init                    0x080037b4   Section        0  main.o(i.MX_USART2_UART_Init)
    MX_USART2_UART_Init                      0x080037b5   Thumb Code    58  main.o(i.MX_USART2_UART_Init)
    i.NVIC_SetPriority                       0x080037f8   Section        0  stm32l0xx_hal_cortex.o(i.NVIC_SetPriority)
    NVIC_SetPriority                         0x080037f9   Thumb Code   110  stm32l0xx_hal_cortex.o(i.NVIC_SetPriority)
    i.PWM_Set                                0x08003870   Section        0  firmware.o(i.PWM_Set)
    i.PWM_Update                             0x080038a6   Section        0  firmware.o(i.PWM_Update)
    i.Param_Backup                           0x08003992   Section        0  firmware.o(i.Param_Backup)
    i.Param_Restore                          0x080039c8   Section        0  firmware.o(i.Param_Restore)
    i.PendSV_Handler                         0x08003a2c   Section        0  stm32l0xx_it.o(i.PendSV_Handler)
    i.SVC_Handler                            0x08003a2e   Section        0  stm32l0xx_it.o(i.SVC_Handler)
    i.Set_Regulation                         0x08003a30   Section        0  firmware.o(i.Set_Regulation)
    i.SysTick_Handler                        0x08003b58   Section        0  stm32l0xx_it.o(i.SysTick_Handler)
    i.SystemClock_Config                     0x08003b64   Section        0  main.o(i.SystemClock_Config)
    i.SystemInit                             0x08003c1c   Section        0  system_stm32l0xx.o(i.SystemInit)
    i.TIM21_IRQHandler                       0x08003c84   Section        0  stm32l0xx_it.o(i.TIM21_IRQHandler)
    i.TIM_Base_SetConfig                     0x08003ca0   Section        0  stm32l0xx_hal_tim.o(i.TIM_Base_SetConfig)
    TIM_Base_SetConfig                       0x08003ca1   Thumb Code   108  stm32l0xx_hal_tim.o(i.TIM_Base_SetConfig)
    i.TIM_CCxChannelCmd                      0x08003d14   Section        0  stm32l0xx_hal_tim.o(i.TIM_CCxChannelCmd)
    TIM_CCxChannelCmd                        0x08003d15   Thumb Code    28  stm32l0xx_hal_tim.o(i.TIM_CCxChannelCmd)
    i.TIM_ETR_SetConfig                      0x08003d30   Section        0  stm32l0xx_hal_tim.o(i.TIM_ETR_SetConfig)
    TIM_ETR_SetConfig                        0x08003d31   Thumb Code    30  stm32l0xx_hal_tim.o(i.TIM_ETR_SetConfig)
    i.TIM_ITRx_SetConfig                     0x08003d4e   Section        0  stm32l0xx_hal_tim.o(i.TIM_ITRx_SetConfig)
    TIM_ITRx_SetConfig                       0x08003d4f   Thumb Code    26  stm32l0xx_hal_tim.o(i.TIM_ITRx_SetConfig)
    i.TIM_OC1_SetConfig                      0x08003d68   Section        0  stm32l0xx_hal_tim.o(i.TIM_OC1_SetConfig)
    TIM_OC1_SetConfig                        0x08003d69   Thumb Code    62  stm32l0xx_hal_tim.o(i.TIM_OC1_SetConfig)
    i.TIM_OC2_SetConfig                      0x08003da6   Section        0  stm32l0xx_hal_tim.o(i.TIM_OC2_SetConfig)
    TIM_OC2_SetConfig                        0x08003da7   Thumb Code    74  stm32l0xx_hal_tim.o(i.TIM_OC2_SetConfig)
    i.TIM_OC3_SetConfig                      0x08003df0   Section        0  stm32l0xx_hal_tim.o(i.TIM_OC3_SetConfig)
    TIM_OC3_SetConfig                        0x08003df1   Thumb Code    68  stm32l0xx_hal_tim.o(i.TIM_OC3_SetConfig)
    i.TIM_OC4_SetConfig                      0x08003e34   Section        0  stm32l0xx_hal_tim.o(i.TIM_OC4_SetConfig)
    TIM_OC4_SetConfig                        0x08003e35   Thumb Code    78  stm32l0xx_hal_tim.o(i.TIM_OC4_SetConfig)
    i.TIM_TI1_ConfigInputStage               0x08003e82   Section        0  stm32l0xx_hal_tim.o(i.TIM_TI1_ConfigInputStage)
    TIM_TI1_ConfigInputStage                 0x08003e83   Thumb Code    54  stm32l0xx_hal_tim.o(i.TIM_TI1_ConfigInputStage)
    i.TIM_TI2_ConfigInputStage               0x08003eb8   Section        0  stm32l0xx_hal_tim.o(i.TIM_TI2_ConfigInputStage)
    TIM_TI2_ConfigInputStage                 0x08003eb9   Thumb Code    54  stm32l0xx_hal_tim.o(i.TIM_TI2_ConfigInputStage)
    i.UART_AdvFeatureConfig                  0x08003eee   Section        0  stm32l0xx_hal_uart.o(i.UART_AdvFeatureConfig)
    i.UART_CheckIdleState                    0x08003fe0   Section        0  stm32l0xx_hal_uart.o(i.UART_CheckIdleState)
    i.UART_DMAError                          0x08004044   Section        0  stm32l0xx_hal_uart.o(i.UART_DMAError)
    UART_DMAError                            0x08004045   Thumb Code    42  stm32l0xx_hal_uart.o(i.UART_DMAError)
    i.UART_DMAReceiveCplt                    0x0800406e   Section        0  stm32l0xx_hal_uart.o(i.UART_DMAReceiveCplt)
    UART_DMAReceiveCplt                      0x0800406f   Thumb Code    50  stm32l0xx_hal_uart.o(i.UART_DMAReceiveCplt)
    i.UART_DMARxHalfCplt                     0x080040a0   Section        0  stm32l0xx_hal_uart.o(i.UART_DMARxHalfCplt)
    UART_DMARxHalfCplt                       0x080040a1   Thumb Code    14  stm32l0xx_hal_uart.o(i.UART_DMARxHalfCplt)
    i.UART_EndTransmit_IT                    0x080040ae   Section        0  stm32l0xx_hal_uart.o(i.UART_EndTransmit_IT)
    UART_EndTransmit_IT                      0x080040af   Thumb Code    32  stm32l0xx_hal_uart.o(i.UART_EndTransmit_IT)
    i.UART_Execute                           0x080040d0   Section        0  firmware.o(i.UART_Execute)
    i.UART_Receive_IT                        0x0800415c   Section        0  stm32l0xx_hal_uart.o(i.UART_Receive_IT)
    UART_Receive_IT                          0x0800415d   Thumb Code   168  stm32l0xx_hal_uart.o(i.UART_Receive_IT)
    i.UART_Send                              0x08004204   Section        0  firmware.o(i.UART_Send)
    i.UART_SetConfig                         0x08004240   Section        0  stm32l0xx_hal_uart.o(i.UART_SetConfig)
    i.UART_Transmit_IT                       0x080046d8   Section        0  stm32l0xx_hal_uart.o(i.UART_Transmit_IT)
    UART_Transmit_IT                         0x080046d9   Thumb Code   114  stm32l0xx_hal_uart.o(i.UART_Transmit_IT)
    i.UART_WaitOnFlagUntilTimeout            0x0800474a   Section        0  stm32l0xx_hal_uart.o(i.UART_WaitOnFlagUntilTimeout)
    i.USART2_IRQHandler                      0x08004854   Section        0  stm32l0xx_it.o(i.USART2_IRQHandler)
    i.__0sprintf$1                           0x08004864   Section        0  printf1.o(i.__0sprintf$1)
    i.__ARM_clz                              0x0800488c   Section        0  depilogue.o(i.__ARM_clz)
    i.__ARM_common_switch8                   0x080048ba   Section        0  stm32l0xx_hal_tim.o(i.__ARM_common_switch8)
    i.__aeabi_errno_addr                     0x080048d8   Section        0  errno.o(i.__aeabi_errno_addr)
    i.__scatterload_copy                     0x080048e0   Section       14  handlers.o(i.__scatterload_copy)
    i.__scatterload_null                     0x080048ee   Section        2  handlers.o(i.__scatterload_null)
    i.__scatterload_zeroinit                 0x080048f0   Section       14  handlers.o(i.__scatterload_zeroinit)
    i._printf_core                           0x08004900   Section        0  printf1.o(i._printf_core)
    _printf_core                             0x08004901   Thumb Code   332  printf1.o(i._printf_core)
    i._sputc                                 0x08004a50   Section        0  printf1.o(i._sputc)
    _sputc                                   0x08004a51   Thumb Code    10  printf1.o(i._sputc)
    i.cmd_Config                             0x08004a5c   Section        0  firmware.o(i.cmd_Config)
    i.cmd_Hyst                               0x08004af4   Section        0  firmware.o(i.cmd_Hyst)
    i.cmd_Set                                0x08004b64   Section        0  firmware.o(i.cmd_Set)
    i.cmd_Start                              0x08004c38   Section        0  firmware.o(i.cmd_Start)
    i.cmd_Trace                              0x08004c9c   Section        0  firmware.o(i.cmd_Trace)
    i.main                                   0x08004cac   Section        0  main.o(i.main)
    .constdata                               0x08004e04   Section       80  firmware.o(.constdata)
    .constdata                               0x08004e54   Section       33  system_stm32l0xx.o(.constdata)
    .constdata                               0x08004e75   Section      129  ctype_o.o(.constdata)
    .constdata                               0x08004ef8   Section        4  ctype_o.o(.constdata)
    table                                    0x08004ef8   Data           4  ctype_o.o(.constdata)
    .data                                    0x20000000   Section        8  main.o(.data)
    .data                                    0x20000008   Section       17  firmware.o(.data)
    .data                                    0x2000001c   Section        4  system_stm32l0xx.o(.data)
    .data                                    0x20000020   Section        4  stm32l0xx_hal.o(.data)
    .data                                    0x20000024   Section        4  errno.o(.data)
    _errno                                   0x20000024   Data           4  errno.o(.data)
    .bss                                     0x20000028   Section      380  main.o(.bss)
    .bss                                     0x200001a4   Section     2512  firmware.o(.bss)
    .bss                                     0x20000b74   Section       24  stm32l0xx_hal_flash.o(.bss)
    STACK                                    0x20000b90   Section     1024  startup_stm32l031xx.o(STACK)

    Global Symbols

    Symbol Name                              Value     Ov Type        Size  Object(Section)

    BuildAttributes$$THM_ISAv3M$S$PE$A:L22$X:L11$S22$IEEE1$IW$USESV6$~STKCKD$USESV7$~SHL$OSPACE$ROPI$EBA8$MICROLIB$REQ8$PRES8$EABIv2 0x00000000   Number         0  anon$$obj.o ABSOLUTE
    __ARM_use_no_argv                        0x00000000   Number         0  main.o ABSOLUTE
    _printf_a                                0x00000000   Number         0  stubs.o ABSOLUTE
    _printf_c                                0x00000000   Number         0  stubs.o ABSOLUTE
    _printf_charcount                        0x00000000   Number         0  stubs.o ABSOLUTE
    _printf_d                                0x00000000   Number         0  stubs.o ABSOLUTE
    _printf_e                                0x00000000   Number         0  stubs.o ABSOLUTE
    _printf_f                                0x00000000   Number         0  stubs.o ABSOLUTE
    _printf_flags                            0x00000000   Number         0  stubs.o ABSOLUTE
    _printf_fp_dec                           0x00000000   Number         0  stubs.o ABSOLUTE
    _printf_fp_hex                           0x00000000   Number         0  stubs.o ABSOLUTE
    _printf_g                                0x00000000   Number         0  stubs.o ABSOLUTE
    _printf_i                                0x00000000   Number         0  stubs.o ABSOLUTE
    _printf_int_dec                          0x00000000   Number         0  stubs.o ABSOLUTE
    _printf_l                                0x00000000   Number         0  stubs.o ABSOLUTE
    _printf_lc                               0x00000000   Number         0  stubs.o ABSOLUTE
    _printf_ll                               0x00000000   Number         0  stubs.o ABSOLUTE
    _printf_lld                              0x00000000   Number         0  stubs.o ABSOLUTE
    _printf_lli                              0x00000000   Number         0  stubs.o ABSOLUTE
    _printf_llo                              0x00000000   Number         0  stubs.o ABSOLUTE
    _printf_llu                              0x00000000   Number         0  stubs.o ABSOLUTE
    _printf_llx                              0x00000000   Number         0  stubs.o ABSOLUTE
    _printf_longlong_dec                     0x00000000   Number         0  stubs.o ABSOLUTE
    _printf_longlong_hex                     0x00000000   Number         0  stubs.o ABSOLUTE
    _printf_longlong_oct                     0x00000000   Number         0  stubs.o ABSOLUTE
    _printf_ls                               0x00000000   Number         0  stubs.o ABSOLUTE
    _printf_mbtowc                           0x00000000   Number         0  stubs.o ABSOLUTE
    _printf_n                                0x00000000   Number         0  stubs.o ABSOLUTE
    _printf_o                                0x00000000   Number         0  stubs.o ABSOLUTE
    _printf_p                                0x00000000   Number         0  stubs.o ABSOLUTE
    _printf_percent                          0x00000000   Number         0  stubs.o ABSOLUTE
    _printf_pre_padding                      0x00000000   Number         0  stubs.o ABSOLUTE
    _printf_return_value                     0x00000000   Number         0  stubs.o ABSOLUTE
    _printf_s                                0x00000000   Number         0  stubs.o ABSOLUTE
    _printf_sizespec                         0x00000000   Number         0  stubs.o ABSOLUTE
    _printf_str                              0x00000000   Number         0  stubs.o ABSOLUTE
    _printf_truncate_signed                  0x00000000   Number         0  stubs.o ABSOLUTE
    _printf_truncate_unsigned                0x00000000   Number         0  stubs.o ABSOLUTE
    _printf_u                                0x00000000   Number         0  stubs.o ABSOLUTE
    _printf_wc                               0x00000000   Number         0  stubs.o ABSOLUTE
    _printf_wctomb                           0x00000000   Number         0  stubs.o ABSOLUTE
    _printf_widthprec                        0x00000000   Number         0  stubs.o ABSOLUTE
    _printf_x                                0x00000000   Number         0  stubs.o ABSOLUTE
    __cpp_initialize__aeabi_                  - Undefined Weak Reference
    __cxa_finalize                            - Undefined Weak Reference
    __decompress                              - Undefined Weak Reference
    _clock_init                               - Undefined Weak Reference
    _microlib_exit                            - Undefined Weak Reference
    __Vectors_Size                           0x000000c0   Number         0  startup_stm32l031xx.o ABSOLUTE
    __Vectors                                0x08000000   Data           4  startup_stm32l031xx.o(RESET)
    __Vectors_End                            0x080000c0   Data           0  startup_stm32l031xx.o(RESET)
    __main                                   0x080000c1   Thumb Code     0  entry.o(.ARM.Collect$$$$00000000)
    _main_stk                                0x080000c1   Thumb Code     0  entry2.o(.ARM.Collect$$$$00000001)
    _main_scatterload                        0x080000c5   Thumb Code     0  entry5.o(.ARM.Collect$$$$00000004)
    __main_after_scatterload                 0x080000c9   Thumb Code     0  entry5.o(.ARM.Collect$$$$00000004)
    _main_clock                              0x080000c9   Thumb Code     0  entry7b.o(.ARM.Collect$$$$00000008)
    _main_cpp_init                           0x080000c9   Thumb Code     0  entry8b.o(.ARM.Collect$$$$0000000A)
    _main_init                               0x080000c9   Thumb Code     0  entry9a.o(.ARM.Collect$$$$0000000B)
    __rt_final_cpp                           0x080000d1   Thumb Code     0  entry10a.o(.ARM.Collect$$$$0000000D)
    __rt_final_exit                          0x080000d1   Thumb Code     0  entry11a.o(.ARM.Collect$$$$0000000F)
    Reset_Handler                            0x080000d5   Thumb Code     8  startup_stm32l031xx.o(.text)
    NMI_Handler                              0x080000dd   Thumb Code     2  startup_stm32l031xx.o(.text)
    HardFault_Handler                        0x080000df   Thumb Code     2  startup_stm32l031xx.o(.text)
    DMA1_Channel1_IRQHandler                 0x080000e7   Thumb Code     0  startup_stm32l031xx.o(.text)
    DMA1_Channel2_3_IRQHandler               0x080000e7   Thumb Code     0  startup_stm32l031xx.o(.text)
    EXTI0_1_IRQHandler                       0x080000e7   Thumb Code     0  startup_stm32l031xx.o(.text)
    EXTI2_3_IRQHandler                       0x080000e7   Thumb Code     0  startup_stm32l031xx.o(.text)
    FLASH_IRQHandler                         0x080000e7   Thumb Code     0  startup_stm32l031xx.o(.text)
    I2C1_IRQHandler                          0x080000e7   Thumb Code     0  startup_stm32l031xx.o(.text)
    LPTIM1_IRQHandler                        0x080000e7   Thumb Code     0  startup_stm32l031xx.o(.text)
    LPUART1_IRQHandler                       0x080000e7   Thumb Code     0  startup_stm32l031xx.o(.text)
    PVD_IRQHandler                           0x080000e7   Thumb Code     0  startup_stm32l031xx.o(.text)
    RCC_IRQHandler                           0x080000e7   Thumb Code     0  startup_stm32l031xx.o(.text)
    RTC_IRQHandler                           0x080000e7   Thumb Code     0  startup_stm32l031xx.o(.text)
    SPI1_IRQHandler                          0x080000e7   Thumb Code     0  startup_stm32l031xx.o(.text)
    TIM22_IRQHandler                         0x080000e7   Thumb Code     0  startup_stm32l031xx.o(.text)
    TIM2_IRQHandler                          0x080000e7   Thumb Code     0  startup_stm32l031xx.o(.text)
    WWDG_IRQHandler                          0x080000e7   Thumb Code     0  startup_stm32l031xx.o(.text)
    __aeabi_uidiv                            0x080000f1   Thumb Code     0  uidiv.o(.text)
    __aeabi_uidivmod                         0x080000f1   Thumb Code    44  uidiv.o(.text)
    __aeabi_uldivmod                         0x0800011d   Thumb Code    96  uldiv.o(.text)
    __aeabi_memcpy                           0x0800017d   Thumb Code    36  memcpya.o(.text)
    __aeabi_memcpy4                          0x0800017d   Thumb Code     0  memcpya.o(.text)
    __aeabi_memcpy8                          0x0800017d   Thumb Code     0  memcpya.o(.text)
    __aeabi_memset                           0x080001a1   Thumb Code    14  memseta.o(.text)
    __aeabi_memset4                          0x080001a1   Thumb Code     0  memseta.o(.text)
    __aeabi_memset8                          0x080001a1   Thumb Code     0  memseta.o(.text)
    __aeabi_memclr                           0x080001af   Thumb Code     4  memseta.o(.text)
    __aeabi_memclr4                          0x080001af   Thumb Code     0  memseta.o(.text)
    __aeabi_memclr8                          0x080001af   Thumb Code     0  memseta.o(.text)
    _memset$wrapper                          0x080001b3   Thumb Code    18  memseta.o(.text)
    strlen                                   0x080001c5   Thumb Code    14  strlen.o(.text)
    strcmp                                   0x080001d3   Thumb Code    28  strcmp.o(.text)
    strcpy                                   0x080001ef   Thumb Code    18  strcpy.o(.text)
    atoi                                     0x08000201   Thumb Code    26  atoi.o(.text)
    __aeabi_dadd                             0x0800021d   Thumb Code   328  dadd.o(.text)
    __aeabi_dsub                             0x08000365   Thumb Code    12  dadd.o(.text)
    __aeabi_drsub                            0x08000371   Thumb Code    12  dadd.o(.text)
    __aeabi_dmul                             0x08000381   Thumb Code   202  dmul.o(.text)
    __aeabi_ddiv                             0x08000451   Thumb Code   234  ddiv.o(.text)
    __aeabi_ul2d                             0x08000541   Thumb Code    22  dfltul.o(.text)
    __aeabi_d2uiz                            0x0800055d   Thumb Code    50  dfixui.o(.text)
    __aeabi_llsl                             0x08000599   Thumb Code    32  llshl.o(.text)
    _ll_shift_l                              0x08000599   Thumb Code     0  llshl.o(.text)
    __aeabi_llsr                             0x080005b9   Thumb Code    34  llushr.o(.text)
    _ll_ushift_r                             0x080005b9   Thumb Code     0  llushr.o(.text)
    __aeabi_lasr                             0x080005db   Thumb Code    38  llsshr.o(.text)
    _ll_sshift_r                             0x080005db   Thumb Code     0  llsshr.o(.text)
    strtol                                   0x08000601   Thumb Code   108  strtol.o(.text)
    __I$use$fp                               0x08000671   Thumb Code     0  iusefp.o(.text)
    _double_round                            0x08000671   Thumb Code    26  depilogue.o(.text)
    _double_epilogue                         0x0800068b   Thumb Code   164  depilogue.o(.text)
    __scatterload                            0x08000731   Thumb Code    28  init.o(.text)
    __scatterload_rt2                        0x08000731   Thumb Code     0  init.o(.text)
    __rt_ctype_table                         0x08000755   Thumb Code     4  ctype_o.o(.text)
    _strtoul                                 0x0800075d   Thumb Code   166  _strtoul.o(.text)
    _chval                                   0x08000803   Thumb Code    30  _chval.o(.text)
    ADC1_COMP_IRQHandler                     0x08000821   Thumb Code    10  stm32l0xx_it.o(i.ADC1_COMP_IRQHandler)
    CheckNArgs                               0x08000a09   Thumb Code    50  firmware.o(i.CheckNArgs)
    CheckValue                               0x08000a3b   Thumb Code    20  firmware.o(i.CheckValue)
    DMA1_Channel4_5_6_7_IRQHandler           0x08000a51   Thumb Code    10  stm32l0xx_it.o(i.DMA1_Channel4_5_6_7_IRQHandler)
    DustOff                                  0x08000a81   Thumb Code   442  firmware.o(i.DustOff)
    EEPROM_ReadWord                          0x08000c51   Thumb Code    10  firmware.o(i.EEPROM_ReadWord)
    EEPROM_WriteWord                         0x08000c61   Thumb Code    34  firmware.o(i.EEPROM_WriteWord)
    EXTI4_15_IRQHandler                      0x08000c89   Thumb Code    10  stm32l0xx_it.o(i.EXTI4_15_IRQHandler)
    Error_Handler                            0x08000c93   Thumb Code     4  main.o(i.Error_Handler)
    FLASH_WaitForLastOperation               0x08000d65   Thumb Code   182  stm32l0xx_hal_flash.o(i.FLASH_WaitForLastOperation)
    Firmware_Init                            0x08000e21   Thumb Code   330  firmware.o(i.Firmware_Init)
    HAL_ADC_ConfigChannel                    0x08000f95   Thumb Code   246  stm32l0xx_hal_adc.o(i.HAL_ADC_ConfigChannel)
    HAL_ADC_ConvCpltCallback                 0x0800109d   Thumb Code     8  firmware.o(i.HAL_ADC_ConvCpltCallback)
    HAL_ADC_ErrorCallback                    0x080010a9   Thumb Code     2  stm32l0xx_hal_adc.o(i.HAL_ADC_ErrorCallback)
    HAL_ADC_GetValue                         0x080010ab   Thumb Code     8  stm32l0xx_hal_adc.o(i.HAL_ADC_GetValue)
    HAL_ADC_IRQHandler                       0x080010b3   Thumb Code   278  stm32l0xx_hal_adc.o(i.HAL_ADC_IRQHandler)
    HAL_ADC_Init                             0x080011c9   Thumb Code   552  stm32l0xx_hal_adc.o(i.HAL_ADC_Init)
    HAL_ADC_LevelOutOfWindowCallback         0x080013fd   Thumb Code     2  stm32l0xx_hal_adc.o(i.HAL_ADC_LevelOutOfWindowCallback)
    HAL_ADC_MspInit                          0x08001401   Thumb Code    68  stm32l0xx_hal_msp.o(i.HAL_ADC_MspInit)
    HAL_ADC_Start_IT                         0x0800144d   Thumb Code   162  stm32l0xx_hal_adc.o(i.HAL_ADC_Start_IT)
    HAL_ADC_Stop_IT                          0x080014f5   Thumb Code    92  stm32l0xx_hal_adc.o(i.HAL_ADC_Stop_IT)
    HAL_DMA_IRQHandler                       0x08001551   Thumb Code   792  stm32l0xx_hal_dma.o(i.HAL_DMA_IRQHandler)
    HAL_DMA_Init                             0x0800186d   Thumb Code   390  stm32l0xx_hal_dma.o(i.HAL_DMA_Init)
    HAL_DMA_Start_IT                         0x080019fd   Thumb Code   114  stm32l0xx_hal_dma.o(i.HAL_DMA_Start_IT)
    HAL_Delay                                0x08001a6f   Thumb Code    26  stm32l0xx_hal.o(i.HAL_Delay)
    HAL_FLASHEx_DATAEEPROM_Lock              0x08001a89   Thumb Code    16  stm32l0xx_hal_flash_ex.o(i.HAL_FLASHEx_DATAEEPROM_Lock)
    HAL_FLASHEx_DATAEEPROM_Program           0x08001a9d   Thumb Code    96  stm32l0xx_hal_flash_ex.o(i.HAL_FLASHEx_DATAEEPROM_Program)
    HAL_FLASHEx_DATAEEPROM_Unlock            0x08001b05   Thumb Code    30  stm32l0xx_hal_flash_ex.o(i.HAL_FLASHEx_DATAEEPROM_Unlock)
    HAL_GPIO_EXTI_Callback                   0x08001b31   Thumb Code    12  firmware.o(i.HAL_GPIO_EXTI_Callback)
    HAL_GPIO_EXTI_IRQHandler                 0x08001b41   Thumb Code    26  stm32l0xx_hal_gpio.o(i.HAL_GPIO_EXTI_IRQHandler)
    HAL_GPIO_Init                            0x08001b61   Thumb Code   452  stm32l0xx_hal_gpio.o(i.HAL_GPIO_Init)
    HAL_GPIO_WritePin                        0x08001d3d   Thumb Code    12  stm32l0xx_hal_gpio.o(i.HAL_GPIO_WritePin)
    HAL_GetTick                              0x08001d49   Thumb Code     6  stm32l0xx_hal.o(i.HAL_GetTick)
    HAL_IncTick                              0x08001d55   Thumb Code    12  stm32l0xx_hal.o(i.HAL_IncTick)
    HAL_Init                                 0x08001d65   Thumb Code    28  stm32l0xx_hal.o(i.HAL_Init)
    HAL_InitTick                             0x08001d85   Thumb Code    36  stm32l0xx_hal.o(i.HAL_InitTick)
    HAL_MspInit                              0x08001dad   Thumb Code    46  stm32l0xx_hal_msp.o(i.HAL_MspInit)
    HAL_NVIC_EnableIRQ                       0x08001de1   Thumb Code    18  stm32l0xx_hal_cortex.o(i.HAL_NVIC_EnableIRQ)
    HAL_NVIC_SetPriority                     0x08001df9   Thumb Code    18  stm32l0xx_hal_cortex.o(i.HAL_NVIC_SetPriority)
    HAL_RCCEx_PeriphCLKConfig                0x08001e0d   Thumb Code   470  stm32l0xx_hal_rcc_ex.o(i.HAL_RCCEx_PeriphCLKConfig)
    HAL_RCC_ClockConfig                      0x08001ff1   Thumb Code   482  stm32l0xx_hal_rcc.o(i.HAL_RCC_ClockConfig)
    HAL_RCC_GetHCLKFreq                      0x080021e9   Thumb Code     6  stm32l0xx_hal_rcc.o(i.HAL_RCC_GetHCLKFreq)
    HAL_RCC_GetPCLK1Freq                     0x080021f5   Thumb Code    26  stm32l0xx_hal_rcc.o(i.HAL_RCC_GetPCLK1Freq)
    HAL_RCC_GetPCLK2Freq                     0x08002219   Thumb Code    26  stm32l0xx_hal_rcc.o(i.HAL_RCC_GetPCLK2Freq)
    HAL_RCC_GetSysClockFreq                  0x0800223d   Thumb Code   214  stm32l0xx_hal_rcc.o(i.HAL_RCC_GetSysClockFreq)
    HAL_RCC_OscConfig                        0x08002329   Thumb Code  1522  stm32l0xx_hal_rcc.o(i.HAL_RCC_OscConfig)
    HAL_SYSTICK_CLKSourceConfig              0x08002929   Thumb Code    32  stm32l0xx_hal_cortex.o(i.HAL_SYSTICK_CLKSourceConfig)
    HAL_SYSTICK_Callback                     0x0800294d   Thumb Code     2  stm32l0xx_hal_cortex.o(i.HAL_SYSTICK_Callback)
    HAL_SYSTICK_Config                       0x08002951   Thumb Code    46  stm32l0xx_hal_cortex.o(i.HAL_SYSTICK_Config)
    HAL_SYSTICK_IRQHandler                   0x08002989   Thumb Code     8  stm32l0xx_hal_cortex.o(i.HAL_SYSTICK_IRQHandler)
    HAL_TIMEx_MasterConfigSynchronization    0x08002991   Thumb Code    98  stm32l0xx_hal_tim_ex.o(i.HAL_TIMEx_MasterConfigSynchronization)
    HAL_TIM_Base_Init                        0x080029f3   Thumb Code    56  stm32l0xx_hal_tim.o(i.HAL_TIM_Base_Init)
    HAL_TIM_Base_MspInit                     0x08002a2d   Thumb Code    66  stm32l0xx_hal_msp.o(i.HAL_TIM_Base_MspInit)
    HAL_TIM_Base_Start_IT                    0x08002a79   Thumb Code    30  stm32l0xx_hal_tim.o(i.HAL_TIM_Base_Start_IT)
    HAL_TIM_ConfigClockSource                0x08002a97   Thumb Code   318  stm32l0xx_hal_tim.o(i.HAL_TIM_ConfigClockSource)
    HAL_TIM_IC_CaptureCallback               0x08002bd5   Thumb Code     2  stm32l0xx_hal_tim.o(i.HAL_TIM_IC_CaptureCallback)
    HAL_TIM_IRQHandler                       0x08002bd7   Thumb Code   380  stm32l0xx_hal_tim.o(i.HAL_TIM_IRQHandler)
    HAL_TIM_MspPostInit                      0x08002d55   Thumb Code    74  stm32l0xx_hal_msp.o(i.HAL_TIM_MspPostInit)
    HAL_TIM_OC_DelayElapsedCallback          0x08002da5   Thumb Code     2  stm32l0xx_hal_tim.o(i.HAL_TIM_OC_DelayElapsedCallback)
    HAL_TIM_PWM_ConfigChannel                0x08002da7   Thumb Code   274  stm32l0xx_hal_tim.o(i.HAL_TIM_PWM_ConfigChannel)
    HAL_TIM_PWM_Init                         0x08002eb9   Thumb Code    56  stm32l0xx_hal_tim.o(i.HAL_TIM_PWM_Init)
    HAL_TIM_PWM_MspInit                      0x08002ef1   Thumb Code     2  stm32l0xx_hal_tim.o(i.HAL_TIM_PWM_MspInit)
    HAL_TIM_PWM_PulseFinishedCallback        0x08002ef3   Thumb Code     2  stm32l0xx_hal_tim.o(i.HAL_TIM_PWM_PulseFinishedCallback)
    HAL_TIM_PWM_Start                        0x08002ef5   Thumb Code    32  stm32l0xx_hal_tim.o(i.HAL_TIM_PWM_Start)
    HAL_TIM_PeriodElapsedCallback            0x08002f15   Thumb Code     2  stm32l0xx_hal_tim.o(i.HAL_TIM_PeriodElapsedCallback)
    HAL_TIM_TriggerCallback                  0x08002f17   Thumb Code     2  stm32l0xx_hal_tim.o(i.HAL_TIM_TriggerCallback)
    HAL_UARTEx_WakeupCallback                0x08002f19   Thumb Code     2  stm32l0xx_hal_uart_ex.o(i.HAL_UARTEx_WakeupCallback)
    HAL_UART_ErrorCallback                   0x08002f1b   Thumb Code     2  stm32l0xx_hal_uart.o(i.HAL_UART_ErrorCallback)
    HAL_UART_GetState                        0x08002f1d   Thumb Code    20  stm32l0xx_hal_uart.o(i.HAL_UART_GetState)
    HAL_UART_IRQHandler                      0x08002f31   Thumb Code   354  stm32l0xx_hal_uart.o(i.HAL_UART_IRQHandler)
    HAL_UART_Init                            0x08003093   Thumb Code   124  stm32l0xx_hal_uart.o(i.HAL_UART_Init)
    HAL_UART_MspInit                         0x08003111   Thumb Code   136  stm32l0xx_hal_msp.o(i.HAL_UART_MspInit)
    HAL_UART_Receive_DMA                     0x080031a9   Thumb Code   134  stm32l0xx_hal_uart.o(i.HAL_UART_Receive_DMA)
    HAL_UART_RxCpltCallback                  0x0800323d   Thumb Code   334  firmware.o(i.HAL_UART_RxCpltCallback)
    HAL_UART_RxHalfCpltCallback              0x080033a5   Thumb Code     2  stm32l0xx_hal_uart.o(i.HAL_UART_RxHalfCpltCallback)
    HAL_UART_Transmit_IT                     0x080033a7   Thumb Code   110  stm32l0xx_hal_uart.o(i.HAL_UART_Transmit_IT)
    HAL_UART_TxCpltCallback                  0x08003415   Thumb Code     2  stm32l0xx_hal_uart.o(i.HAL_UART_TxCpltCallback)
    LED                                      0x08003417   Thumb Code    72  firmware.o(i.LED)
    LM35_Convert                             0x08003461   Thumb Code    88  firmware.o(i.LM35_Convert)
    PWM_Set                                  0x08003871   Thumb Code    54  firmware.o(i.PWM_Set)
    PWM_Update                               0x080038a7   Thumb Code   236  firmware.o(i.PWM_Update)
    Param_Backup                             0x08003993   Thumb Code    54  firmware.o(i.Param_Backup)
    Param_Restore                            0x080039c9   Thumb Code    96  firmware.o(i.Param_Restore)
    PendSV_Handler                           0x08003a2d   Thumb Code     2  stm32l0xx_it.o(i.PendSV_Handler)
    SVC_Handler                              0x08003a2f   Thumb Code     2  stm32l0xx_it.o(i.SVC_Handler)
    Set_Regulation                           0x08003a31   Thumb Code   228  firmware.o(i.Set_Regulation)
    SysTick_Handler                          0x08003b59   Thumb Code    12  stm32l0xx_it.o(i.SysTick_Handler)
    SystemClock_Config                       0x08003b65   Thumb Code   174  main.o(i.SystemClock_Config)
    SystemInit                               0x08003c1d   Thumb Code    88  system_stm32l0xx.o(i.SystemInit)
    TIM21_IRQHandler                         0x08003c85   Thumb Code    20  stm32l0xx_it.o(i.TIM21_IRQHandler)
    UART_AdvFeatureConfig                    0x08003eef   Thumb Code   240  stm32l0xx_hal_uart.o(i.UART_AdvFeatureConfig)
    UART_CheckIdleState                      0x08003fe1   Thumb Code    96  stm32l0xx_hal_uart.o(i.UART_CheckIdleState)
    UART_Execute                             0x080040d1   Thumb Code    98  firmware.o(i.UART_Execute)
    UART_Send                                0x08004205   Thumb Code    56  firmware.o(i.UART_Send)
    UART_SetConfig                           0x08004241   Thumb Code  1162  stm32l0xx_hal_uart.o(i.UART_SetConfig)
    UART_WaitOnFlagUntilTimeout              0x0800474b   Thumb Code   264  stm32l0xx_hal_uart.o(i.UART_WaitOnFlagUntilTimeout)
    USART2_IRQHandler                        0x08004855   Thumb Code    10  stm32l0xx_it.o(i.USART2_IRQHandler)
    __0sprintf$1                             0x08004865   Thumb Code    36  printf1.o(i.__0sprintf$1)
    __1sprintf$1                             0x08004865   Thumb Code     0  printf1.o(i.__0sprintf$1)
    __2sprintf                               0x08004865   Thumb Code     0  printf1.o(i.__0sprintf$1)
    __ARM_clz                                0x0800488d   Thumb Code    46  depilogue.o(i.__ARM_clz)
    __ARM_common_switch8                     0x080048bb   Thumb Code    28  stm32l0xx_hal_tim.o(i.__ARM_common_switch8)
    __aeabi_errno_addr                       0x080048d9   Thumb Code     4  errno.o(i.__aeabi_errno_addr)
    __rt_errno_addr                          0x080048d9   Thumb Code     0  errno.o(i.__aeabi_errno_addr)
    __scatterload_copy                       0x080048e1   Thumb Code    14  handlers.o(i.__scatterload_copy)
    __scatterload_null                       0x080048ef   Thumb Code     2  handlers.o(i.__scatterload_null)
    __scatterload_zeroinit                   0x080048f1   Thumb Code    14  handlers.o(i.__scatterload_zeroinit)
    cmd_Config                               0x08004a5d   Thumb Code   114  firmware.o(i.cmd_Config)
    cmd_Hyst                                 0x08004af5   Thumb Code   104  firmware.o(i.cmd_Hyst)
    cmd_Set                                  0x08004b65   Thumb Code   196  firmware.o(i.cmd_Set)
    cmd_Start                                0x08004c39   Thumb Code    90  firmware.o(i.cmd_Start)
    cmd_Trace                                0x08004c9d   Thumb Code    10  firmware.o(i.cmd_Trace)
    main                                     0x08004cad   Thumb Code   278  main.o(i.main)
    AHBPrescTable                            0x08004e54   Data          16  system_stm32l0xx.o(.constdata)
    APBPrescTable                            0x08004e64   Data           8  system_stm32l0xx.o(.constdata)
    PLLMulTable                              0x08004e6c   Data           9  system_stm32l0xx.o(.constdata)
    __ctype_table                            0x08004e75   Data         129  ctype_o.o(.constdata)
    Region$$Table$$Base                      0x08004efc   Number         0  anon$$obj.o(Region$$Table)
    Region$$Table$$Limit                     0x08004f1c   Number         0  anon$$obj.o(Region$$Table)
    g_temp                                   0x20000000   Data           4  main.o(.data)
    g_i                                      0x20000004   Data           4  main.o(.data)
    g_timer_1ms                              0x20000008   Data           4  firmware.o(.data)
    g_lm35_cv_cmplt                          0x2000000c   Data           4  firmware.o(.data)
    g_UART_Buffer_Index                      0x20000010   Data           4  firmware.o(.data)
    g_UART_Buffer                            0x20000014   Data           1  firmware.o(.data)
    g_UART_Message_Ready                     0x20000015   Data           1  firmware.o(.data)
    g_trace_enable                           0x20000016   Data           1  firmware.o(.data)
    g_usrbtn                                 0x20000017   Data           1  firmware.o(.data)
    g_reg_enable                             0x20000018   Data           1  firmware.o(.data)
    SystemCoreClock                          0x2000001c   Data           4  system_stm32l0xx.o(.data)
    uwTick                                   0x20000020   Data           4  stm32l0xx_hal.o(.data)
    hadc                                     0x20000028   Data          96  main.o(.bss)
    htim2                                    0x20000088   Data          56  main.o(.bss)
    htim21                                   0x200000c0   Data          56  main.o(.bss)
    huart2                                   0x200000f8   Data         112  main.o(.bss)
    hdma_usart2_rx                           0x20000168   Data          60  main.o(.bss)
    g_mes                                    0x200001a4   Data        2176  firmware.o(.bss)
    g_UART_Buffer_Array                      0x20000a24   Data         128  firmware.o(.bss)
    g_RegCh1                                 0x20000aa4   Data          52  firmware.o(.bss)
    g_RegCh2                                 0x20000ad8   Data          52  firmware.o(.bss)
    g_RegCh3                                 0x20000b0c   Data          52  firmware.o(.bss)
    g_RegCh4                                 0x20000b40   Data          52  firmware.o(.bss)
    ProcFlash                                0x20000b74   Data          24  stm32l0xx_hal_flash.o(.bss)
    __initial_sp                             0x20000f90   Data           0  startup_stm32l031xx.o(STACK)



==============================================================================

Memory Map of the image

  Image Entry point : 0x080000c1

  Load Region LR_IROM1 (Base: 0x08000000, Size: 0x00004f44, Max: 0x00008000, ABSOLUTE)

    Execution Region ER_IROM1 (Base: 0x08000000, Size: 0x00004f1c, Max: 0x00008000, ABSOLUTE)

    Base Addr    Size         Type   Attr      Idx    E Section Name        Object

    0x08000000   0x000000c0   Data   RO         3140    RESET               startup_stm32l031xx.o
    0x080000c0   0x00000000   Code   RO         3145  * .ARM.Collect$$$$00000000  mc_p.l(entry.o)
    0x080000c0   0x00000004   Code   RO         3437    .ARM.Collect$$$$00000001  mc_p.l(entry2.o)
    0x080000c4   0x00000004   Code   RO         3440    .ARM.Collect$$$$00000004  mc_p.l(entry5.o)
    0x080000c8   0x00000000   Code   RO         3442    .ARM.Collect$$$$00000008  mc_p.l(entry7b.o)
    0x080000c8   0x00000000   Code   RO         3444    .ARM.Collect$$$$0000000A  mc_p.l(entry8b.o)
    0x080000c8   0x00000008   Code   RO         3445    .ARM.Collect$$$$0000000B  mc_p.l(entry9a.o)
    0x080000d0   0x00000000   Code   RO         3447    .ARM.Collect$$$$0000000D  mc_p.l(entry10a.o)
    0x080000d0   0x00000000   Code   RO         3449    .ARM.Collect$$$$0000000F  mc_p.l(entry11a.o)
    0x080000d0   0x00000004   Code   RO         3438    .ARM.Collect$$$$00002712  mc_p.l(entry2.o)
    0x080000d4   0x0000001c   Code   RO         3141    .text               startup_stm32l031xx.o
    0x080000f0   0x0000002c   Code   RO         3148    .text               mc_p.l(uidiv.o)
    0x0800011c   0x00000060   Code   RO         3150    .text               mc_p.l(uldiv.o)
    0x0800017c   0x00000024   Code   RO         3152    .text               mc_p.l(memcpya.o)
    0x080001a0   0x00000024   Code   RO         3154    .text               mc_p.l(memseta.o)
    0x080001c4   0x0000000e   Code   RO         3156    .text               mc_p.l(strlen.o)
    0x080001d2   0x0000001c   Code   RO         3158    .text               mc_p.l(strcmp.o)
    0x080001ee   0x00000012   Code   RO         3160    .text               mc_p.l(strcpy.o)
    0x08000200   0x0000001a   Code   RO         3425    .text               mc_p.l(atoi.o)
    0x0800021a   0x00000002   PAD
    0x0800021c   0x00000164   Code   RO         3427    .text               mf_p.l(dadd.o)
    0x08000380   0x000000d0   Code   RO         3429    .text               mf_p.l(dmul.o)
    0x08000450   0x000000f0   Code   RO         3431    .text               mf_p.l(ddiv.o)
    0x08000540   0x0000001c   Code   RO         3433    .text               mf_p.l(dfltul.o)
    0x0800055c   0x0000003c   Code   RO         3435    .text               mf_p.l(dfixui.o)
    0x08000598   0x00000020   Code   RO         3454    .text               mc_p.l(llshl.o)
    0x080005b8   0x00000022   Code   RO         3456    .text               mc_p.l(llushr.o)
    0x080005da   0x00000026   Code   RO         3458    .text               mc_p.l(llsshr.o)
    0x08000600   0x00000070   Code   RO         3467    .text               mc_p.l(strtol.o)
    0x08000670   0x00000000   Code   RO         3469    .text               mc_p.l(iusefp.o)
    0x08000670   0x000000be   Code   RO         3470    .text               mf_p.l(depilogue.o)
    0x0800072e   0x00000002   PAD
    0x08000730   0x00000024   Code   RO         3478    .text               mc_p.l(init.o)
    0x08000754   0x00000008   Code   RO         3481    .text               mc_p.l(ctype_o.o)
    0x0800075c   0x000000a6   Code   RO         3509    .text               mc_p.l(_strtoul.o)
    0x08000802   0x0000001e   Code   RO         3512    .text               mc_p.l(_chval.o)
    0x08000820   0x00000010   Code   RO          171    i.ADC1_COMP_IRQHandler  stm32l0xx_it.o
    0x08000830   0x0000006c   Code   RO          529    i.ADC_ConversionStop  stm32l0xx_hal_adc.o
    0x0800089c   0x0000002c   Code   RO          533    i.ADC_DelayMicroSecond  stm32l0xx_hal_adc.o
    0x080008c8   0x0000009c   Code   RO          534    i.ADC_Disable       stm32l0xx_hal_adc.o
    0x08000964   0x000000a4   Code   RO          535    i.ADC_Enable        stm32l0xx_hal_adc.o
    0x08000a08   0x00000032   Code   RO          316    i.CheckNArgs        firmware.o
    0x08000a3a   0x00000014   Code   RO          317    i.CheckValue        firmware.o
    0x08000a4e   0x00000002   PAD
    0x08000a50   0x00000010   Code   RO          172    i.DMA1_Channel4_5_6_7_IRQHandler  stm32l0xx_it.o
    0x08000a60   0x00000020   Code   RO         1657    i.DMA_SetConfig     stm32l0xx_hal_dma.o
    0x08000a80   0x000001d0   Code   RO          318    i.DustOff           firmware.o
    0x08000c50   0x00000010   Code   RO          319    i.EEPROM_ReadWord   firmware.o
    0x08000c60   0x00000028   Code   RO          321    i.EEPROM_WriteWord  firmware.o
    0x08000c88   0x0000000a   Code   RO          173    i.EXTI4_15_IRQHandler  stm32l0xx_it.o
    0x08000c92   0x00000004   Code   RO          244    i.Error_Handler     main.o
    0x08000c96   0x00000002   PAD
    0x08000c98   0x000000cc   Code   RO         2329    i.FLASH_SetErrorCode  stm32l0xx_hal_flash.o
    0x08000d64   0x000000bc   Code   RO         2330    i.FLASH_WaitForLastOperation  stm32l0xx_hal_flash.o
    0x08000e20   0x00000174   Code   RO          322    i.Firmware_Init     firmware.o
    0x08000f94   0x00000108   Code   RO          537    i.HAL_ADC_ConfigChannel  stm32l0xx_hal_adc.o
    0x0800109c   0x0000000c   Code   RO          323    i.HAL_ADC_ConvCpltCallback  firmware.o
    0x080010a8   0x00000002   Code   RO          541    i.HAL_ADC_ErrorCallback  stm32l0xx_hal_adc.o
    0x080010aa   0x00000008   Code   RO          544    i.HAL_ADC_GetValue  stm32l0xx_hal_adc.o
    0x080010b2   0x00000116   Code   RO          545    i.HAL_ADC_IRQHandler  stm32l0xx_hal_adc.o
    0x080011c8   0x00000234   Code   RO          546    i.HAL_ADC_Init      stm32l0xx_hal_adc.o
    0x080013fc   0x00000002   Code   RO          547    i.HAL_ADC_LevelOutOfWindowCallback  stm32l0xx_hal_adc.o
    0x080013fe   0x00000002   PAD
    0x08001400   0x0000004c   Code   RO            4    i.HAL_ADC_MspInit   stm32l0xx_hal_msp.o
    0x0800144c   0x000000a8   Code   RO          554    i.HAL_ADC_Start_IT  stm32l0xx_hal_adc.o
    0x080014f4   0x0000005c   Code   RO          557    i.HAL_ADC_Stop_IT   stm32l0xx_hal_adc.o
    0x08001550   0x0000031c   Code   RO         1662    i.HAL_DMA_IRQHandler  stm32l0xx_hal_dma.o
    0x0800186c   0x00000190   Code   RO         1663    i.HAL_DMA_Init      stm32l0xx_hal_dma.o
    0x080019fc   0x00000072   Code   RO         1666    i.HAL_DMA_Start_IT  stm32l0xx_hal_dma.o
    0x08001a6e   0x0000001a   Code   RO         2538    i.HAL_Delay         stm32l0xx_hal.o
    0x08001a88   0x00000014   Code   RO         2941    i.HAL_FLASHEx_DATAEEPROM_Lock  stm32l0xx_hal_flash_ex.o
    0x08001a9c   0x00000068   Code   RO         2942    i.HAL_FLASHEx_DATAEEPROM_Program  stm32l0xx_hal_flash_ex.o
    0x08001b04   0x0000002c   Code   RO         2943    i.HAL_FLASHEx_DATAEEPROM_Unlock  stm32l0xx_hal_flash_ex.o
    0x08001b30   0x00000010   Code   RO          324    i.HAL_GPIO_EXTI_Callback  firmware.o
    0x08001b40   0x00000020   Code   RO         3080    i.HAL_GPIO_EXTI_IRQHandler  stm32l0xx_hal_gpio.o
    0x08001b60   0x000001dc   Code   RO         3081    i.HAL_GPIO_Init     stm32l0xx_hal_gpio.o
    0x08001d3c   0x0000000c   Code   RO         3085    i.HAL_GPIO_WritePin  stm32l0xx_hal_gpio.o
    0x08001d48   0x0000000c   Code   RO         2542    i.HAL_GetTick       stm32l0xx_hal.o
    0x08001d54   0x00000010   Code   RO         2543    i.HAL_IncTick       stm32l0xx_hal.o
    0x08001d64   0x00000020   Code   RO         2544    i.HAL_Init          stm32l0xx_hal.o
    0x08001d84   0x00000028   Code   RO         2545    i.HAL_InitTick      stm32l0xx_hal.o
    0x08001dac   0x00000034   Code   RO            5    i.HAL_MspInit       stm32l0xx_hal_msp.o
    0x08001de0   0x00000018   Code   RO         2437    i.HAL_NVIC_EnableIRQ  stm32l0xx_hal_cortex.o
    0x08001df8   0x00000012   Code   RO         2441    i.HAL_NVIC_SetPriority  stm32l0xx_hal_cortex.o
    0x08001e0a   0x00000002   PAD
    0x08001e0c   0x000001e4   Code   RO         2753    i.HAL_RCCEx_PeriphCLKConfig  stm32l0xx_hal_rcc_ex.o
    0x08001ff0   0x000001f8   Code   RO         1566    i.HAL_RCC_ClockConfig  stm32l0xx_hal_rcc.o
    0x080021e8   0x0000000c   Code   RO         1570    i.HAL_RCC_GetHCLKFreq  stm32l0xx_hal_rcc.o
    0x080021f4   0x00000024   Code   RO         1572    i.HAL_RCC_GetPCLK1Freq  stm32l0xx_hal_rcc.o
    0x08002218   0x00000024   Code   RO         1573    i.HAL_RCC_GetPCLK2Freq  stm32l0xx_hal_rcc.o
    0x0800223c   0x000000ec   Code   RO         1574    i.HAL_RCC_GetSysClockFreq  stm32l0xx_hal_rcc.o
    0x08002328   0x00000600   Code   RO         1577    i.HAL_RCC_OscConfig  stm32l0xx_hal_rcc.o
    0x08002928   0x00000024   Code   RO         2443    i.HAL_SYSTICK_CLKSourceConfig  stm32l0xx_hal_cortex.o
    0x0800294c   0x00000002   Code   RO         2444    i.HAL_SYSTICK_Callback  stm32l0xx_hal_cortex.o
    0x0800294e   0x00000002   PAD
    0x08002950   0x00000038   Code   RO         2445    i.HAL_SYSTICK_Config  stm32l0xx_hal_cortex.o
    0x08002988   0x00000008   Code   RO         2446    i.HAL_SYSTICK_IRQHandler  stm32l0xx_hal_cortex.o
    0x08002990   0x00000062   Code   RO         1988    i.HAL_TIMEx_MasterConfigSynchronization  stm32l0xx_hal_tim_ex.o
    0x080029f2   0x00000038   Code   RO          712    i.HAL_TIM_Base_Init  stm32l0xx_hal_tim.o
    0x08002a2a   0x00000002   PAD
    0x08002a2c   0x0000004c   Code   RO            7    i.HAL_TIM_Base_MspInit  stm32l0xx_hal_msp.o
    0x08002a78   0x0000001e   Code   RO          717    i.HAL_TIM_Base_Start_IT  stm32l0xx_hal_tim.o
    0x08002a96   0x0000013e   Code   RO          721    i.HAL_TIM_ConfigClockSource  stm32l0xx_hal_tim.o
    0x08002bd4   0x00000002   Code   RO          741    i.HAL_TIM_IC_CaptureCallback  stm32l0xx_hal_tim.o
    0x08002bd6   0x0000017c   Code   RO          754    i.HAL_TIM_IRQHandler  stm32l0xx_hal_tim.o
    0x08002d52   0x00000002   PAD
    0x08002d54   0x00000050   Code   RO            8    i.HAL_TIM_MspPostInit  stm32l0xx_hal_msp.o
    0x08002da4   0x00000002   Code   RO          757    i.HAL_TIM_OC_DelayElapsedCallback  stm32l0xx_hal_tim.o
    0x08002da6   0x00000112   Code   RO          778    i.HAL_TIM_PWM_ConfigChannel  stm32l0xx_hal_tim.o
    0x08002eb8   0x00000038   Code   RO          781    i.HAL_TIM_PWM_Init  stm32l0xx_hal_tim.o
    0x08002ef0   0x00000002   Code   RO          783    i.HAL_TIM_PWM_MspInit  stm32l0xx_hal_tim.o
    0x08002ef2   0x00000002   Code   RO          784    i.HAL_TIM_PWM_PulseFinishedCallback  stm32l0xx_hal_tim.o
    0x08002ef4   0x00000020   Code   RO          785    i.HAL_TIM_PWM_Start  stm32l0xx_hal_tim.o
    0x08002f14   0x00000002   Code   RO          791    i.HAL_TIM_PeriodElapsedCallback  stm32l0xx_hal_tim.o
    0x08002f16   0x00000002   Code   RO          795    i.HAL_TIM_TriggerCallback  stm32l0xx_hal_tim.o
    0x08002f18   0x00000002   Code   RO         2865    i.HAL_UARTEx_WakeupCallback  stm32l0xx_hal_uart_ex.o
    0x08002f1a   0x00000002   Code   RO         1743    i.HAL_UART_ErrorCallback  stm32l0xx_hal_uart.o
    0x08002f1c   0x00000014   Code   RO         1745    i.HAL_UART_GetState  stm32l0xx_hal_uart.o
    0x08002f30   0x00000162   Code   RO         1746    i.HAL_UART_IRQHandler  stm32l0xx_hal_uart.o
    0x08003092   0x0000007c   Code   RO         1747    i.HAL_UART_Init     stm32l0xx_hal_uart.o
    0x0800310e   0x00000002   PAD
    0x08003110   0x00000098   Code   RO           10    i.HAL_UART_MspInit  stm32l0xx_hal_msp.o
    0x080031a8   0x00000094   Code   RO         1751    i.HAL_UART_Receive_DMA  stm32l0xx_hal_uart.o
    0x0800323c   0x00000168   Code   RO          325    i.HAL_UART_RxCpltCallback  firmware.o
    0x080033a4   0x00000002   Code   RO         1754    i.HAL_UART_RxHalfCpltCallback  stm32l0xx_hal_uart.o
    0x080033a6   0x0000006e   Code   RO         1757    i.HAL_UART_Transmit_IT  stm32l0xx_hal_uart.o
    0x08003414   0x00000002   Code   RO         1758    i.HAL_UART_TxCpltCallback  stm32l0xx_hal_uart.o
    0x08003416   0x00000048   Code   RO          326    i.LED               firmware.o
    0x0800345e   0x00000002   PAD
    0x08003460   0x00000064   Code   RO          327    i.LM35_Convert      firmware.o
    0x080034c4   0x00000070   Code   RO          245    i.MX_ADC_Init       main.o
    0x08003534   0x00000034   Code   RO          246    i.MX_DMA_Init       main.o
    0x08003568   0x0000011c   Code   RO          247    i.MX_GPIO_Init      main.o
    0x08003684   0x00000064   Code   RO          248    i.MX_TIM21_Init     main.o
    0x080036e8   0x000000cc   Code   RO          249    i.MX_TIM2_Init      main.o
    0x080037b4   0x00000044   Code   RO          250    i.MX_USART2_UART_Init  main.o
    0x080037f8   0x00000078   Code   RO         2447    i.NVIC_SetPriority  stm32l0xx_hal_cortex.o
    0x08003870   0x00000036   Code   RO          328    i.PWM_Set           firmware.o
    0x080038a6   0x000000ec   Code   RO          329    i.PWM_Update        firmware.o
    0x08003992   0x00000036   Code   RO          330    i.Param_Backup      firmware.o
    0x080039c8   0x00000064   Code   RO          331    i.Param_Restore     firmware.o
    0x08003a2c   0x00000002   Code   RO          174    i.PendSV_Handler    stm32l0xx_it.o
    0x08003a2e   0x00000002   Code   RO          175    i.SVC_Handler       stm32l0xx_it.o
    0x08003a30   0x00000128   Code   RO          332    i.Set_Regulation    firmware.o
    0x08003b58   0x0000000c   Code   RO          176    i.SysTick_Handler   stm32l0xx_it.o
    0x08003b64   0x000000b8   Code   RO          251    i.SystemClock_Config  main.o
    0x08003c1c   0x00000068   Code   RO          497    i.SystemInit        system_stm32l0xx.o
    0x08003c84   0x0000001c   Code   RO          177    i.TIM21_IRQHandler  stm32l0xx_it.o
    0x08003ca0   0x00000074   Code   RO          796    i.TIM_Base_SetConfig  stm32l0xx_hal_tim.o
    0x08003d14   0x0000001c   Code   RO          797    i.TIM_CCxChannelCmd  stm32l0xx_hal_tim.o
    0x08003d30   0x0000001e   Code   RO          803    i.TIM_ETR_SetConfig  stm32l0xx_hal_tim.o
    0x08003d4e   0x0000001a   Code   RO          804    i.TIM_ITRx_SetConfig  stm32l0xx_hal_tim.o
    0x08003d68   0x0000003e   Code   RO          805    i.TIM_OC1_SetConfig  stm32l0xx_hal_tim.o
    0x08003da6   0x0000004a   Code   RO          806    i.TIM_OC2_SetConfig  stm32l0xx_hal_tim.o
    0x08003df0   0x00000044   Code   RO          807    i.TIM_OC3_SetConfig  stm32l0xx_hal_tim.o
    0x08003e34   0x0000004e   Code   RO          808    i.TIM_OC4_SetConfig  stm32l0xx_hal_tim.o
    0x08003e82   0x00000036   Code   RO          810    i.TIM_TI1_ConfigInputStage  stm32l0xx_hal_tim.o
    0x08003eb8   0x00000036   Code   RO          812    i.TIM_TI2_ConfigInputStage  stm32l0xx_hal_tim.o
    0x08003eee   0x000000f0   Code   RO         1760    i.UART_AdvFeatureConfig  stm32l0xx_hal_uart.o
    0x08003fde   0x00000002   PAD
    0x08003fe0   0x00000064   Code   RO         1761    i.UART_CheckIdleState  stm32l0xx_hal_uart.o
    0x08004044   0x0000002a   Code   RO         1762    i.UART_DMAError     stm32l0xx_hal_uart.o
    0x0800406e   0x00000032   Code   RO         1763    i.UART_DMAReceiveCplt  stm32l0xx_hal_uart.o
    0x080040a0   0x0000000e   Code   RO         1764    i.UART_DMARxHalfCplt  stm32l0xx_hal_uart.o
    0x080040ae   0x00000020   Code   RO         1767    i.UART_EndTransmit_IT  stm32l0xx_hal_uart.o
    0x080040ce   0x00000002   PAD
    0x080040d0   0x0000008c   Code   RO          333    i.UART_Execute      firmware.o
    0x0800415c   0x000000a8   Code   RO         1768    i.UART_Receive_IT   stm32l0xx_hal_uart.o
    0x08004204   0x0000003c   Code   RO          334    i.UART_Send         firmware.o
    0x08004240   0x00000498   Code   RO         1769    i.UART_SetConfig    stm32l0xx_hal_uart.o
    0x080046d8   0x00000072   Code   RO         1770    i.UART_Transmit_IT  stm32l0xx_hal_uart.o
    0x0800474a   0x00000108   Code   RO         1771    i.UART_WaitOnFlagUntilTimeout  stm32l0xx_hal_uart.o
    0x08004852   0x00000002   PAD
    0x08004854   0x00000010   Code   RO          178    i.USART2_IRQHandler  stm32l0xx_it.o
    0x08004864   0x00000028   Code   RO         3211    i.__0sprintf$1      mc_p.l(printf1.o)
    0x0800488c   0x0000002e   Code   RO         3472    i.__ARM_clz         mf_p.l(depilogue.o)
    0x080048ba   0x0000001c   Code   RO         1338    i.__ARM_common_switch8  stm32l0xx_hal_tim.o
    0x080048d6   0x00000002   PAD
    0x080048d8   0x00000008   Code   RO         3460    i.__aeabi_errno_addr  mc_p.l(errno.o)
    0x080048e0   0x0000000e   Code   RO         3516    i.__scatterload_copy  mc_p.l(handlers.o)
    0x080048ee   0x00000002   Code   RO         3517    i.__scatterload_null  mc_p.l(handlers.o)
    0x080048f0   0x0000000e   Code   RO         3518    i.__scatterload_zeroinit  mc_p.l(handlers.o)
    0x080048fe   0x00000002   PAD
    0x08004900   0x00000150   Code   RO         3216    i._printf_core      mc_p.l(printf1.o)
    0x08004a50   0x0000000a   Code   RO         3218    i._sputc            mc_p.l(printf1.o)
    0x08004a5a   0x00000002   PAD
    0x08004a5c   0x00000098   Code   RO          335    i.cmd_Config        firmware.o
    0x08004af4   0x00000070   Code   RO          336    i.cmd_Hyst          firmware.o
    0x08004b64   0x000000d4   Code   RO          337    i.cmd_Set           firmware.o
    0x08004c38   0x00000064   Code   RO          338    i.cmd_Start         firmware.o
    0x08004c9c   0x00000010   Code   RO          339    i.cmd_Trace         firmware.o
    0x08004cac   0x00000158   Code   RO          252    i.main              main.o
    0x08004e04   0x00000050   Data   RO          341    .constdata          firmware.o
    0x08004e54   0x00000021   Data   RO          498    .constdata          system_stm32l0xx.o
    0x08004e75   0x00000081   Data   RO         3482    .constdata          mc_p.l(ctype_o.o)
    0x08004ef6   0x00000002   PAD
    0x08004ef8   0x00000004   Data   RO         3483    .constdata          mc_p.l(ctype_o.o)
    0x08004efc   0x00000020   Data   RO         3514    Region$$Table       anon$$obj.o


    Execution Region RW_IRAM1 (Base: 0x20000000, Size: 0x00000f90, Max: 0x00002000, ABSOLUTE)

    Base Addr    Size         Type   Attr      Idx    E Section Name        Object

    0x20000000   0x00000008   Data   RW          254    .data               main.o
    0x20000008   0x00000011   Data   RW          342    .data               firmware.o
    0x20000019   0x00000003   PAD
    0x2000001c   0x00000004   Data   RW          499    .data               system_stm32l0xx.o
    0x20000020   0x00000004   Data   RW         2554    .data               stm32l0xx_hal.o
    0x20000024   0x00000004   Data   RW         3463    .data               mc_p.l(errno.o)
    0x20000028   0x0000017c   Zero   RW          253    .bss                main.o
    0x200001a4   0x000009d0   Zero   RW          340    .bss                firmware.o
    0x20000b74   0x00000018   Zero   RW         2342    .bss                stm32l0xx_hal_flash.o
    0x20000b8c   0x00000004   PAD
    0x20000b90   0x00000400   Zero   RW         3138    STACK               startup_stm32l031xx.o


==============================================================================

Image component sizes


      Code (inc. data)   RO Data    RW Data    ZI Data      Debug   Object Name

      3054        318         80         17       2512      17088   firmware.o
      1352        142          0          8        380       5505   main.o
        28          8        192          0       1024        584   startup_stm32l031xx.o
       126         18          0          4          0       3519   stm32l0xx_hal.o
      1850         50          0          0          0       8455   stm32l0xx_hal_adc.o
       264         30          0          0          0      10619   stm32l0xx_hal_cortex.o
      1342         14          0          0          0       3583   stm32l0xx_hal_dma.o
       392         20          0          0         24       4137   stm32l0xx_hal_flash.o
       168         26          0          0          0       1967   stm32l0xx_hal_flash_ex.o
       520         30          0          0          0       2795   stm32l0xx_hal_gpio.o
       436         46          0          0          0     311489   stm32l0xx_hal_msp.o
      2360        100          0          0          0       5928   stm32l0xx_hal_rcc.o
       484         14          0          0          0       1380   stm32l0xx_hal_rcc_ex.o
      1776          8          0          0          0      15031   stm32l0xx_hal_tim.o
        98          0          0          0          0       1084   stm32l0xx_hal_tim_ex.o
      2962        102          0          0          0      12550   stm32l0xx_hal_uart.o
         2          0          0          0          0        948   stm32l0xx_hal_uart_ex.o
       102         26          0          0          0       3418   stm32l0xx_it.o
       104         16         33          4          0       1403   system_stm32l0xx.o

    ----------------------------------------------------------------------
     17446        968        337         36       3944     411483   Object Totals
         0          0         32          0          0          0   (incl. Generated)
        26          0          0          3          4          0   (incl. Padding)

    ----------------------------------------------------------------------

      Code (inc. data)   RO Data    RW Data    ZI Data      Debug   Library Member Name

        30          0          0          0          0         60   _chval.o
       166          0          0          0          0         84   _strtoul.o
        26          0          0          0          0         72   atoi.o
         8          4        133          0          0         60   ctype_o.o
         0          0          0          0          0          0   entry.o
         0          0          0          0          0          0   entry10a.o
         0          0          0          0          0          0   entry11a.o
         8          4          0          0          0          0   entry2.o
         4          0          0          0          0          0   entry5.o
         0          0          0          0          0          0   entry7b.o
         0          0          0          0          0          0   entry8b.o
         8          4          0          0          0          0   entry9a.o
         8          4          0          4          0         60   errno.o
        30          0          0          0          0          0   handlers.o
        36          8          0          0          0         68   init.o
         0          0          0          0          0          0   iusefp.o
        32          0          0          0          0         68   llshl.o
        38          0          0          0          0         68   llsshr.o
        34          0          0          0          0         68   llushr.o
        36          0          0          0          0         60   memcpya.o
        36          0          0          0          0        100   memseta.o
       386          8          0          0          0        228   printf1.o
        28          0          0          0          0         68   strcmp.o
        18          0          0          0          0         60   strcpy.o
        14          0          0          0          0         60   strlen.o
       112          4          0          0          0         76   strtol.o
        44          0          0          0          0         72   uidiv.o
        96          0          0          0          0         84   uldiv.o
       356          4          0          0          0        140   dadd.o
       240          6          0          0          0         84   ddiv.o
       236          0          0          0          0        216   depilogue.o
        60         10          0          0          0         68   dfixui.o
        28          6          0          0          0         68   dfltul.o
       208          6          0          0          0         88   dmul.o

    ----------------------------------------------------------------------
      2334         68        135          4          0       2080   Library Totals
         8          0          2          0          0          0   (incl. Padding)

    ----------------------------------------------------------------------

      Code (inc. data)   RO Data    RW Data    ZI Data      Debug   Library Name

      1198         36        133          4          0       1416   mc_p.l
      1128         32          0          0          0        664   mf_p.l

    ----------------------------------------------------------------------
      2334         68        135          4          0       2080   Library Totals

    ----------------------------------------------------------------------

==============================================================================


      Code (inc. data)   RO Data    RW Data    ZI Data      Debug   

     19780       1036        472         40       3944     407027   Grand Totals
     19780       1036        472         40       3944     407027   ELF Image Totals
     19780       1036        472         40          0          0   ROM Totals

==============================================================================

    Total RO  Size (Code + RO Data)                20252 (  19.78kB)
    Total RW  Size (RW Data + ZI Data)              3984 (   3.89kB)
    Total ROM Size (Code + RO Data + RW Data)      20292 (  19.82kB)

==============================================================================

